[    0.000000] Linux version 6.2.0-33-generic (buildd@lcy02-amd64-073) (x86_64-linux-gnu-gcc-11 (Ubuntu 11.4.0-1ubuntu1~22.04) 11.4.0, GNU ld (GNU Binutils for Ubuntu) 2.38) #33~22.04.1-Ubuntu SMP PREEMPT_DYNAMIC Thu Sep  7 10:33:52 UTC 2 (Ubuntu 6.2.0-33.33~22.04.1-generic 6.2.16)
[    0.000000] Command line: BOOT_IMAGE=/boot/vmlinuz-6.2.0-33-generic root=UUID=e53120a1-d5f3-4862-9033-322598196d6e ro quiet splash
[    0.000000] KERNEL supported cpus:
[    0.000000]   Intel GenuineIntel
[    0.000000]   AMD AuthenticAMD
[    0.000000]   Hygon HygonGenuine
[    0.000000]   Centaur CentaurHauls
[    0.000000]   zhaoxin   Shanghai  
[    0.000000] BIOS-provided physical RAM map:
[    0.000000] BIOS-e820: [mem 0x0000000000000000-0x000000000009e7ff] usable
[    0.000000] BIOS-e820: [mem 0x000000000009e800-0x000000000009ffff] reserved
[    0.000000] BIOS-e820: [mem 0x00000000000dc000-0x00000000000fffff] reserved
[    0.000000] BIOS-e820: [mem 0x0000000000100000-0x00000000bfecffff] usable
[    0.000000] BIOS-e820: [mem 0x00000000bfed0000-0x00000000bfefefff] ACPI data
[    0.000000] BIOS-e820: [mem 0x00000000bfeff000-0x00000000bfefffff] ACPI NVS
[    0.000000] BIOS-e820: [mem 0x00000000bff00000-0x00000000bfffffff] usable
[    0.000000] BIOS-e820: [mem 0x00000000f0000000-0x00000000f7ffffff] reserved
[    0.000000] BIOS-e820: [mem 0x00000000fec00000-0x00000000fec0ffff] reserved
[    0.000000] BIOS-e820: [mem 0x00000000fee00000-0x00000000fee00fff] reserved
[    0.000000] BIOS-e820: [mem 0x00000000fffe0000-0x00000000ffffffff] reserved
[    0.000000] BIOS-e820: [mem 0x0000000100000000-0x00000001ec7fffff] usable
[    0.000000] NX (Execute Disable) protection: active
[    0.000000] SMBIOS 2.7 present.
[    0.000000] DMI: VMware, Inc. VMware Virtual Platform/440BX Desktop Reference Platform, BIOS 6.00 11/12/2020
[    0.000000] vmware: hypercall mode: 0x02
[    0.000000] Hypervisor detected: VMware
[    0.000000] vmware: TSC freq read from hypervisor : 2303.997 MHz
[    0.000000] vmware: Host bus clock speed read from hypervisor : 66000000 Hz
[    0.000000] vmware: using clock offset of 11320413690 ns
[    0.002012] tsc: Detected 2303.997 MHz processor
[    0.005313] e820: update [mem 0x00000000-0x00000fff] usable ==> reserved
[    0.010566] e820: remove [mem 0x000a0000-0x000fffff] usable
[    0.012392] last_pfn = 0x1ec800 max_arch_pfn = 0x400000000
[    0.012855] total RAM covered: 130048M
[    0.013260] Found optimal setting for mtrr clean up
[    0.013615]  gran_size: 64K 	chunk_size: 64K 	num_reg: 7  	lose cover RAM: 0G
[    0.014197] x86/PAT: Configuration [0-7]: WB  WC  UC- UC  WB  WP  UC- WT  
[    0.014435] e820: update [mem 0xc0000000-0xffffffff] usable ==> reserved
[    0.015351] last_pfn = 0xc0000 max_arch_pfn = 0x400000000
[    0.015445] found SMP MP-table at [mem 0x000f6a70-0x000f6a7f]
[    0.015526] Using GB pages for direct mapping
[    0.015598] RAMDISK: [mem 0x2fb33000-0x33d90fff]
[    0.015660] ACPI: Early table checksum verification disabled
[    0.015715] ACPI: RSDP 0x00000000000F6A00 000024 (v02 PTLTD )
[    0.015841] ACPI: XSDT 0x00000000BFEDB633 00005C (v01 INTEL  440BX    06040000 VMW  01324272)
[    0.015926] ACPI: FACP 0x00000000BFEFEE73 0000F4 (v04 INTEL  440BX    06040000 PTL  000F4240)
[    0.015983] ACPI: DSDT 0x00000000BFEDD001 021E72 (v01 PTLTD  Custom   06040000 MSFT 03000001)
[    0.016021] ACPI: FACS 0x00000000BFEFFFC0 000040
[    0.016046] ACPI: FACS 0x00000000BFEFFFC0 000040
[    0.016063] ACPI: BOOT 0x00000000BFEDCFB4 000028 (v01 PTLTD  $SBFTBL$ 06040000  LTP 00000001)
[    0.016074] ACPI: APIC 0x00000000BFEDC872 000742 (v01 PTLTD  ? APIC   06040000  LTP 00000000)
[    0.016082] ACPI: MCFG 0x00000000BFEDC836 00003C (v01 PTLTD  $PCITBL$ 06040000  LTP 00000001)
[    0.016087] ACPI: SRAT 0x00000000BFEDB72F 0008D0 (v02 VMWARE MEMPLUG  06040000 VMW  00000001)
[    0.016091] ACPI: HPET 0x00000000BFEDB6F7 000038 (v01 VMWARE VMW HPET 06040000 VMW  00000001)
[    0.016093] ACPI: WAET 0x00000000BFEDB6CF 000028 (v01 VMWARE VMW WAET 06040000 VMW  00000001)
[    0.016095] ACPI: Reserving FACP table memory at [mem 0xbfefee73-0xbfefef66]
[    0.016095] ACPI: Reserving DSDT table memory at [mem 0xbfedd001-0xbfefee72]
[    0.016095] ACPI: Reserving FACS table memory at [mem 0xbfefffc0-0xbfefffff]
[    0.016096] ACPI: Reserving FACS table memory at [mem 0xbfefffc0-0xbfefffff]
[    0.016096] ACPI: Reserving BOOT table memory at [mem 0xbfedcfb4-0xbfedcfdb]
[    0.016096] ACPI: Reserving APIC table memory at [mem 0xbfedc872-0xbfedcfb3]
[    0.016096] ACPI: Reserving MCFG table memory at [mem 0xbfedc836-0xbfedc871]
[    0.016096] ACPI: Reserving SRAT table memory at [mem 0xbfedb72f-0xbfedbffe]
[    0.016097] ACPI: Reserving HPET table memory at [mem 0xbfedb6f7-0xbfedb72e]
[    0.016097] ACPI: Reserving WAET table memory at [mem 0xbfedb6cf-0xbfedb6f6]
[    0.016097] system APIC only can use physical flat
[    0.016097] Setting APIC routing to physical flat.
[    0.016097] SRAT: PXM 0 -> APIC 0x00 -> Node 0
[    0.016097] SRAT: PXM 0 -> APIC 0x02 -> Node 0
[    0.016097] SRAT: PXM 0 -> APIC 0x04 -> Node 0
[    0.016097] SRAT: PXM 0 -> APIC 0x06 -> Node 0
[    0.016097] SRAT: PXM 0 -> APIC 0x08 -> Node 0
[    0.016097] SRAT: PXM 0 -> APIC 0x0a -> Node 0
[    0.016097] SRAT: PXM 0 -> APIC 0x0c -> Node 0
[    0.016097] SRAT: PXM 0 -> APIC 0x0e -> Node 0
[    0.016097] SRAT: PXM 0 -> APIC 0x10 -> Node 0
[    0.016097] SRAT: PXM 0 -> APIC 0x12 -> Node 0
[    0.016097] SRAT: PXM 0 -> APIC 0x14 -> Node 0
[    0.016097] SRAT: PXM 0 -> APIC 0x16 -> Node 0
[    0.016098] SRAT: PXM 0 -> APIC 0x18 -> Node 0
[    0.016098] SRAT: PXM 0 -> APIC 0x1a -> Node 0
[    0.016098] SRAT: PXM 0 -> APIC 0x1c -> Node 0
[    0.016098] SRAT: PXM 0 -> APIC 0x1e -> Node 0
[    0.016098] SRAT: PXM 0 -> APIC 0x20 -> Node 0
[    0.016098] SRAT: PXM 0 -> APIC 0x22 -> Node 0
[    0.016098] SRAT: PXM 0 -> APIC 0x24 -> Node 0
[    0.016098] SRAT: PXM 0 -> APIC 0x26 -> Node 0
[    0.016098] SRAT: PXM 0 -> APIC 0x28 -> Node 0
[    0.016098] SRAT: PXM 0 -> APIC 0x2a -> Node 0
[    0.016098] SRAT: PXM 0 -> APIC 0x2c -> Node 0
[    0.016098] SRAT: PXM 0 -> APIC 0x2e -> Node 0
[    0.016098] SRAT: PXM 0 -> APIC 0x30 -> Node 0
[    0.016098] SRAT: PXM 0 -> APIC 0x32 -> Node 0
[    0.016098] SRAT: PXM 0 -> APIC 0x34 -> Node 0
[    0.016098] SRAT: PXM 0 -> APIC 0x36 -> Node 0
[    0.016098] SRAT: PXM 0 -> APIC 0x38 -> Node 0
[    0.016098] SRAT: PXM 0 -> APIC 0x3a -> Node 0
[    0.016098] SRAT: PXM 0 -> APIC 0x3c -> Node 0
[    0.016098] SRAT: PXM 0 -> APIC 0x3e -> Node 0
[    0.016098] SRAT: PXM 0 -> APIC 0x40 -> Node 0
[    0.016098] SRAT: PXM 0 -> APIC 0x42 -> Node 0
[    0.016098] SRAT: PXM 0 -> APIC 0x44 -> Node 0
[    0.016098] SRAT: PXM 0 -> APIC 0x46 -> Node 0
[    0.016098] SRAT: PXM 0 -> APIC 0x48 -> Node 0
[    0.016098] SRAT: PXM 0 -> APIC 0x4a -> Node 0
[    0.016098] SRAT: PXM 0 -> APIC 0x4c -> Node 0
[    0.016098] SRAT: PXM 0 -> APIC 0x4e -> Node 0
[    0.016098] SRAT: PXM 0 -> APIC 0x50 -> Node 0
[    0.016098] SRAT: PXM 0 -> APIC 0x52 -> Node 0
[    0.016098] SRAT: PXM 0 -> APIC 0x54 -> Node 0
[    0.016098] SRAT: PXM 0 -> APIC 0x56 -> Node 0
[    0.016098] SRAT: PXM 0 -> APIC 0x58 -> Node 0
[    0.016098] SRAT: PXM 0 -> APIC 0x5a -> Node 0
[    0.016098] SRAT: PXM 0 -> APIC 0x5c -> Node 0
[    0.016098] SRAT: PXM 0 -> APIC 0x5e -> Node 0
[    0.016098] SRAT: PXM 0 -> APIC 0x60 -> Node 0
[    0.016098] SRAT: PXM 0 -> APIC 0x62 -> Node 0
[    0.016098] SRAT: PXM 0 -> APIC 0x64 -> Node 0
[    0.016098] SRAT: PXM 0 -> APIC 0x66 -> Node 0
[    0.016098] SRAT: PXM 0 -> APIC 0x68 -> Node 0
[    0.016098] SRAT: PXM 0 -> APIC 0x6a -> Node 0
[    0.016098] SRAT: PXM 0 -> APIC 0x6c -> Node 0
[    0.016098] SRAT: PXM 0 -> APIC 0x6e -> Node 0
[    0.016098] SRAT: PXM 0 -> APIC 0x70 -> Node 0
[    0.016098] SRAT: PXM 0 -> APIC 0x72 -> Node 0
[    0.016098] SRAT: PXM 0 -> APIC 0x74 -> Node 0
[    0.016098] SRAT: PXM 0 -> APIC 0x76 -> Node 0
[    0.016098] SRAT: PXM 0 -> APIC 0x78 -> Node 0
[    0.016098] SRAT: PXM 0 -> APIC 0x7a -> Node 0
[    0.016098] SRAT: PXM 0 -> APIC 0x7c -> Node 0
[    0.016098] SRAT: PXM 0 -> APIC 0x7e -> Node 0
[    0.016098] SRAT: PXM 0 -> APIC 0x80 -> Node 0
[    0.016098] SRAT: PXM 0 -> APIC 0x82 -> Node 0
[    0.016098] SRAT: PXM 0 -> APIC 0x84 -> Node 0
[    0.016098] SRAT: PXM 0 -> APIC 0x86 -> Node 0
[    0.016098] SRAT: PXM 0 -> APIC 0x88 -> Node 0
[    0.016098] SRAT: PXM 0 -> APIC 0x8a -> Node 0
[    0.016098] SRAT: PXM 0 -> APIC 0x8c -> Node 0
[    0.016098] SRAT: PXM 0 -> APIC 0x8e -> Node 0
[    0.016098] SRAT: PXM 0 -> APIC 0x90 -> Node 0
[    0.016098] SRAT: PXM 0 -> APIC 0x92 -> Node 0
[    0.016098] SRAT: PXM 0 -> APIC 0x94 -> Node 0
[    0.016098] SRAT: PXM 0 -> APIC 0x96 -> Node 0
[    0.016098] SRAT: PXM 0 -> APIC 0x98 -> Node 0
[    0.016098] SRAT: PXM 0 -> APIC 0x9a -> Node 0
[    0.016098] SRAT: PXM 0 -> APIC 0x9c -> Node 0
[    0.016098] SRAT: PXM 0 -> APIC 0x9e -> Node 0
[    0.016098] SRAT: PXM 0 -> APIC 0xa0 -> Node 0
[    0.016098] SRAT: PXM 0 -> APIC 0xa2 -> Node 0
[    0.016098] SRAT: PXM 0 -> APIC 0xa4 -> Node 0
[    0.016098] SRAT: PXM 0 -> APIC 0xa6 -> Node 0
[    0.016098] SRAT: PXM 0 -> APIC 0xa8 -> Node 0
[    0.016098] SRAT: PXM 0 -> APIC 0xaa -> Node 0
[    0.016098] SRAT: PXM 0 -> APIC 0xac -> Node 0
[    0.016098] SRAT: PXM 0 -> APIC 0xae -> Node 0
[    0.016098] SRAT: PXM 0 -> APIC 0xb0 -> Node 0
[    0.016098] SRAT: PXM 0 -> APIC 0xb2 -> Node 0
[    0.016098] SRAT: PXM 0 -> APIC 0xb4 -> Node 0
[    0.016098] SRAT: PXM 0 -> APIC 0xb6 -> Node 0
[    0.016098] SRAT: PXM 0 -> APIC 0xb8 -> Node 0
[    0.016098] SRAT: PXM 0 -> APIC 0xba -> Node 0
[    0.016098] SRAT: PXM 0 -> APIC 0xbc -> Node 0
[    0.016098] SRAT: PXM 0 -> APIC 0xbe -> Node 0
[    0.016098] SRAT: PXM 0 -> APIC 0xc0 -> Node 0
[    0.016098] SRAT: PXM 0 -> APIC 0xc2 -> Node 0
[    0.016098] SRAT: PXM 0 -> APIC 0xc4 -> Node 0
[    0.016098] SRAT: PXM 0 -> APIC 0xc6 -> Node 0
[    0.016098] SRAT: PXM 0 -> APIC 0xc8 -> Node 0
[    0.016098] SRAT: PXM 0 -> APIC 0xca -> Node 0
[    0.016098] SRAT: PXM 0 -> APIC 0xcc -> Node 0
[    0.016098] SRAT: PXM 0 -> APIC 0xce -> Node 0
[    0.016098] SRAT: PXM 0 -> APIC 0xd0 -> Node 0
[    0.016098] SRAT: PXM 0 -> APIC 0xd2 -> Node 0
[    0.016098] SRAT: PXM 0 -> APIC 0xd4 -> Node 0
[    0.016098] SRAT: PXM 0 -> APIC 0xd6 -> Node 0
[    0.016098] SRAT: PXM 0 -> APIC 0xd8 -> Node 0
[    0.016098] SRAT: PXM 0 -> APIC 0xda -> Node 0
[    0.016098] SRAT: PXM 0 -> APIC 0xdc -> Node 0
[    0.016098] SRAT: PXM 0 -> APIC 0xde -> Node 0
[    0.016098] SRAT: PXM 0 -> APIC 0xe0 -> Node 0
[    0.016098] SRAT: PXM 0 -> APIC 0xe2 -> Node 0
[    0.016098] SRAT: PXM 0 -> APIC 0xe4 -> Node 0
[    0.016098] SRAT: PXM 0 -> APIC 0xe6 -> Node 0
[    0.016098] SRAT: PXM 0 -> APIC 0xe8 -> Node 0
[    0.016098] SRAT: PXM 0 -> APIC 0xea -> Node 0
[    0.016098] SRAT: PXM 0 -> APIC 0xec -> Node 0
[    0.016098] SRAT: PXM 0 -> APIC 0xee -> Node 0
[    0.016098] SRAT: PXM 0 -> APIC 0xf0 -> Node 0
[    0.016098] SRAT: PXM 0 -> APIC 0xf2 -> Node 0
[    0.016098] SRAT: PXM 0 -> APIC 0xf4 -> Node 0
[    0.016098] SRAT: PXM 0 -> APIC 0xf6 -> Node 0
[    0.016098] SRAT: PXM 0 -> APIC 0xf8 -> Node 0
[    0.016098] SRAT: PXM 0 -> APIC 0xfa -> Node 0
[    0.016098] SRAT: PXM 0 -> APIC 0xfc -> Node 0
[    0.016098] SRAT: PXM 0 -> APIC 0xfe -> Node 0
[    0.016098] ACPI: SRAT: Node 0 PXM 0 [mem 0x00000000-0x0009ffff]
[    0.016098] ACPI: SRAT: Node 0 PXM 0 [mem 0x00100000-0xbfffffff]
[    0.016098] ACPI: SRAT: Node 0 PXM 0 [mem 0x100000000-0x1ec7fffff]
[    0.016098] ACPI: SRAT: Node 0 PXM 0 [mem 0x1ec800000-0x1b07ffffff] hotplug
[    0.016098] NUMA: Node 0 [mem 0x00000000-0x0009ffff] + [mem 0x00100000-0xbfffffff] -> [mem 0x00000000-0xbfffffff]
[    0.016098] NUMA: Node 0 [mem 0x00000000-0xbfffffff] + [mem 0x100000000-0x1ec7fffff] -> [mem 0x00000000-0x1ec7fffff]
[    0.016098] NODE_DATA(0) allocated [mem 0x1ec7d5000-0x1ec7fffff]
[    0.016098] Zone ranges:
[    0.016098]   DMA      [mem 0x0000000000001000-0x0000000000ffffff]
[    0.016098]   DMA32    [mem 0x0000000001000000-0x00000000ffffffff]
[    0.016098]   Normal   [mem 0x0000000100000000-0x00000001ec7fffff]
[    0.016098]   Device   empty
[    0.016098] Movable zone start for each node
[    0.016098] Early memory node ranges
[    0.016098]   node   0: [mem 0x0000000000001000-0x000000000009dfff]
[    0.016098]   node   0: [mem 0x0000000000100000-0x00000000bfecffff]
[    0.016098]   node   0: [mem 0x00000000bff00000-0x00000000bfffffff]
[    0.016098]   node   0: [mem 0x0000000100000000-0x00000001ec7fffff]
[    0.016098] Initmem setup node 0 [mem 0x0000000000001000-0x00000001ec7fffff]
[    0.016098] On node 0, zone DMA: 1 pages in unavailable ranges
[    0.016098] On node 0, zone DMA: 98 pages in unavailable ranges
[    0.016098] On node 0, zone DMA32: 48 pages in unavailable ranges
[    0.016098] On node 0, zone Normal: 14336 pages in unavailable ranges
[    0.016098] ACPI: PM-Timer IO Port: 0x1008
[    0.016098] system APIC only can use physical flat
[    0.016098] ACPI: LAPIC_NMI (acpi_id[0x00] high edge lint[0x1])
[    0.016098] ACPI: LAPIC_NMI (acpi_id[0x01] high edge lint[0x1])
[    0.016098] ACPI: LAPIC_NMI (acpi_id[0x02] high edge lint[0x1])
[    0.016098] ACPI: LAPIC_NMI (acpi_id[0x03] high edge lint[0x1])
[    0.016098] ACPI: LAPIC_NMI (acpi_id[0x04] high edge lint[0x1])
[    0.016098] ACPI: LAPIC_NMI (acpi_id[0x05] high edge lint[0x1])
[    0.016098] ACPI: LAPIC_NMI (acpi_id[0x06] high edge lint[0x1])
[    0.016098] ACPI: LAPIC_NMI (acpi_id[0x07] high edge lint[0x1])
[    0.016098] ACPI: LAPIC_NMI (acpi_id[0x08] high edge lint[0x1])
[    0.016098] ACPI: LAPIC_NMI (acpi_id[0x09] high edge lint[0x1])
[    0.016098] ACPI: LAPIC_NMI (acpi_id[0x0a] high edge lint[0x1])
[    0.016098] ACPI: LAPIC_NMI (acpi_id[0x0b] high edge lint[0x1])
[    0.016098] ACPI: LAPIC_NMI (acpi_id[0x0c] high edge lint[0x1])
[    0.016098] ACPI: LAPIC_NMI (acpi_id[0x0d] high edge lint[0x1])
[    0.016098] ACPI: LAPIC_NMI (acpi_id[0x0e] high edge lint[0x1])
[    0.016098] ACPI: LAPIC_NMI (acpi_id[0x0f] high edge lint[0x1])
[    0.016098] ACPI: LAPIC_NMI (acpi_id[0x10] high edge lint[0x1])
[    0.016098] ACPI: LAPIC_NMI (acpi_id[0x11] high edge lint[0x1])
[    0.016098] ACPI: LAPIC_NMI (acpi_id[0x12] high edge lint[0x1])
[    0.016098] ACPI: LAPIC_NMI (acpi_id[0x13] high edge lint[0x1])
[    0.016098] ACPI: LAPIC_NMI (acpi_id[0x14] high edge lint[0x1])
[    0.016098] ACPI: LAPIC_NMI (acpi_id[0x15] high edge lint[0x1])
[    0.016098] ACPI: LAPIC_NMI (acpi_id[0x16] high edge lint[0x1])
[    0.016098] ACPI: LAPIC_NMI (acpi_id[0x17] high edge lint[0x1])
[    0.016098] ACPI: LAPIC_NMI (acpi_id[0x18] high edge lint[0x1])
[    0.016098] ACPI: LAPIC_NMI (acpi_id[0x19] high edge lint[0x1])
[    0.016098] ACPI: LAPIC_NMI (acpi_id[0x1a] high edge lint[0x1])
[    0.016098] ACPI: LAPIC_NMI (acpi_id[0x1b] high edge lint[0x1])
[    0.016098] ACPI: LAPIC_NMI (acpi_id[0x1c] high edge lint[0x1])
[    0.016098] ACPI: LAPIC_NMI (acpi_id[0x1d] high edge lint[0x1])
[    0.016098] ACPI: LAPIC_NMI (acpi_id[0x1e] high edge lint[0x1])
[    0.016098] ACPI: LAPIC_NMI (acpi_id[0x1f] high edge lint[0x1])
[    0.016098] ACPI: LAPIC_NMI (acpi_id[0x20] high edge lint[0x1])
[    0.016098] ACPI: LAPIC_NMI (acpi_id[0x21] high edge lint[0x1])
[    0.016098] ACPI: LAPIC_NMI (acpi_id[0x22] high edge lint[0x1])
[    0.016098] ACPI: LAPIC_NMI (acpi_id[0x23] high edge lint[0x1])
[    0.016098] ACPI: LAPIC_NMI (acpi_id[0x24] high edge lint[0x1])
[    0.016098] ACPI: LAPIC_NMI (acpi_id[0x25] high edge lint[0x1])
[    0.016098] ACPI: LAPIC_NMI (acpi_id[0x26] high edge lint[0x1])
[    0.016098] ACPI: LAPIC_NMI (acpi_id[0x27] high edge lint[0x1])
[    0.016098] ACPI: LAPIC_NMI (acpi_id[0x28] high edge lint[0x1])
[    0.016098] ACPI: LAPIC_NMI (acpi_id[0x29] high edge lint[0x1])
[    0.016098] ACPI: LAPIC_NMI (acpi_id[0x2a] high edge lint[0x1])
[    0.016098] ACPI: LAPIC_NMI (acpi_id[0x2b] high edge lint[0x1])
[    0.016098] ACPI: LAPIC_NMI (acpi_id[0x2c] high edge lint[0x1])
[    0.016098] ACPI: LAPIC_NMI (acpi_id[0x2d] high edge lint[0x1])
[    0.016098] ACPI: LAPIC_NMI (acpi_id[0x2e] high edge lint[0x1])
[    0.016098] ACPI: LAPIC_NMI (acpi_id[0x2f] high edge lint[0x1])
[    0.016098] ACPI: LAPIC_NMI (acpi_id[0x30] high edge lint[0x1])
[    0.016098] ACPI: LAPIC_NMI (acpi_id[0x31] high edge lint[0x1])
[    0.016098] ACPI: LAPIC_NMI (acpi_id[0x32] high edge lint[0x1])
[    0.016098] ACPI: LAPIC_NMI (acpi_id[0x33] high edge lint[0x1])
[    0.016098] ACPI: LAPIC_NMI (acpi_id[0x34] high edge lint[0x1])
[    0.016098] ACPI: LAPIC_NMI (acpi_id[0x35] high edge lint[0x1])
[    0.016098] ACPI: LAPIC_NMI (acpi_id[0x36] high edge lint[0x1])
[    0.016098] ACPI: LAPIC_NMI (acpi_id[0x37] high edge lint[0x1])
[    0.016098] ACPI: LAPIC_NMI (acpi_id[0x38] high edge lint[0x1])
[    0.016098] ACPI: LAPIC_NMI (acpi_id[0x39] high edge lint[0x1])
[    0.016098] ACPI: LAPIC_NMI (acpi_id[0x3a] high edge lint[0x1])
[    0.016098] ACPI: LAPIC_NMI (acpi_id[0x3b] high edge lint[0x1])
[    0.016098] ACPI: LAPIC_NMI (acpi_id[0x3c] high edge lint[0x1])
[    0.016098] ACPI: LAPIC_NMI (acpi_id[0x3d] high edge lint[0x1])
[    0.016098] ACPI: LAPIC_NMI (acpi_id[0x3e] high edge lint[0x1])
[    0.016098] ACPI: LAPIC_NMI (acpi_id[0x3f] high edge lint[0x1])
[    0.016098] ACPI: LAPIC_NMI (acpi_id[0x40] high edge lint[0x1])
[    0.016098] ACPI: LAPIC_NMI (acpi_id[0x41] high edge lint[0x1])
[    0.016098] ACPI: LAPIC_NMI (acpi_id[0x42] high edge lint[0x1])
[    0.016098] ACPI: LAPIC_NMI (acpi_id[0x43] high edge lint[0x1])
[    0.016098] ACPI: LAPIC_NMI (acpi_id[0x44] high edge lint[0x1])
[    0.016098] ACPI: LAPIC_NMI (acpi_id[0x45] high edge lint[0x1])
[    0.016098] ACPI: LAPIC_NMI (acpi_id[0x46] high edge lint[0x1])
[    0.016098] ACPI: LAPIC_NMI (acpi_id[0x47] high edge lint[0x1])
[    0.016098] ACPI: LAPIC_NMI (acpi_id[0x48] high edge lint[0x1])
[    0.016098] ACPI: LAPIC_NMI (acpi_id[0x49] high edge lint[0x1])
[    0.016098] ACPI: LAPIC_NMI (acpi_id[0x4a] high edge lint[0x1])
[    0.016098] ACPI: LAPIC_NMI (acpi_id[0x4b] high edge lint[0x1])
[    0.016098] ACPI: LAPIC_NMI (acpi_id[0x4c] high edge lint[0x1])
[    0.016098] ACPI: LAPIC_NMI (acpi_id[0x4d] high edge lint[0x1])
[    0.016098] ACPI: LAPIC_NMI (acpi_id[0x4e] high edge lint[0x1])
[    0.016098] ACPI: LAPIC_NMI (acpi_id[0x4f] high edge lint[0x1])
[    0.016098] ACPI: LAPIC_NMI (acpi_id[0x50] high edge lint[0x1])
[    0.016098] ACPI: LAPIC_NMI (acpi_id[0x51] high edge lint[0x1])
[    0.016098] ACPI: LAPIC_NMI (acpi_id[0x52] high edge lint[0x1])
[    0.016098] ACPI: LAPIC_NMI (acpi_id[0x53] high edge lint[0x1])
[    0.016098] ACPI: LAPIC_NMI (acpi_id[0x54] high edge lint[0x1])
[    0.016098] ACPI: LAPIC_NMI (acpi_id[0x55] high edge lint[0x1])
[    0.016098] ACPI: LAPIC_NMI (acpi_id[0x56] high edge lint[0x1])
[    0.016098] ACPI: LAPIC_NMI (acpi_id[0x57] high edge lint[0x1])
[    0.016098] ACPI: LAPIC_NMI (acpi_id[0x58] high edge lint[0x1])
[    0.016098] ACPI: LAPIC_NMI (acpi_id[0x59] high edge lint[0x1])
[    0.016098] ACPI: LAPIC_NMI (acpi_id[0x5a] high edge lint[0x1])
[    0.016098] ACPI: LAPIC_NMI (acpi_id[0x5b] high edge lint[0x1])
[    0.016098] ACPI: LAPIC_NMI (acpi_id[0x5c] high edge lint[0x1])
[    0.016098] ACPI: LAPIC_NMI (acpi_id[0x5d] high edge lint[0x1])
[    0.016098] ACPI: LAPIC_NMI (acpi_id[0x5e] high edge lint[0x1])
[    0.016098] ACPI: LAPIC_NMI (acpi_id[0x5f] high edge lint[0x1])
[    0.016098] ACPI: LAPIC_NMI (acpi_id[0x60] high edge lint[0x1])
[    0.016098] ACPI: LAPIC_NMI (acpi_id[0x61] high edge lint[0x1])
[    0.016098] ACPI: LAPIC_NMI (acpi_id[0x62] high edge lint[0x1])
[    0.016098] ACPI: LAPIC_NMI (acpi_id[0x63] high edge lint[0x1])
[    0.016098] ACPI: LAPIC_NMI (acpi_id[0x64] high edge lint[0x1])
[    0.016098] ACPI: LAPIC_NMI (acpi_id[0x65] high edge lint[0x1])
[    0.016098] ACPI: LAPIC_NMI (acpi_id[0x66] high edge lint[0x1])
[    0.016098] ACPI: LAPIC_NMI (acpi_id[0x67] high edge lint[0x1])
[    0.016098] ACPI: LAPIC_NMI (acpi_id[0x68] high edge lint[0x1])
[    0.016098] ACPI: LAPIC_NMI (acpi_id[0x69] high edge lint[0x1])
[    0.016098] ACPI: LAPIC_NMI (acpi_id[0x6a] high edge lint[0x1])
[    0.016098] ACPI: LAPIC_NMI (acpi_id[0x6b] high edge lint[0x1])
[    0.016098] ACPI: LAPIC_NMI (acpi_id[0x6c] high edge lint[0x1])
[    0.016098] ACPI: LAPIC_NMI (acpi_id[0x6d] high edge lint[0x1])
[    0.016098] ACPI: LAPIC_NMI (acpi_id[0x6e] high edge lint[0x1])
[    0.016098] ACPI: LAPIC_NMI (acpi_id[0x6f] high edge lint[0x1])
[    0.016098] ACPI: LAPIC_NMI (acpi_id[0x70] high edge lint[0x1])
[    0.016098] ACPI: LAPIC_NMI (acpi_id[0x71] high edge lint[0x1])
[    0.016098] ACPI: LAPIC_NMI (acpi_id[0x72] high edge lint[0x1])
[    0.016098] ACPI: LAPIC_NMI (acpi_id[0x73] high edge lint[0x1])
[    0.016098] ACPI: LAPIC_NMI (acpi_id[0x74] high edge lint[0x1])
[    0.016098] ACPI: LAPIC_NMI (acpi_id[0x75] high edge lint[0x1])
[    0.016098] ACPI: LAPIC_NMI (acpi_id[0x76] high edge lint[0x1])
[    0.016098] ACPI: LAPIC_NMI (acpi_id[0x77] high edge lint[0x1])
[    0.016098] ACPI: LAPIC_NMI (acpi_id[0x78] high edge lint[0x1])
[    0.016098] ACPI: LAPIC_NMI (acpi_id[0x79] high edge lint[0x1])
[    0.016098] ACPI: LAPIC_NMI (acpi_id[0x7a] high edge lint[0x1])
[    0.016098] ACPI: LAPIC_NMI (acpi_id[0x7b] high edge lint[0x1])
[    0.016098] ACPI: LAPIC_NMI (acpi_id[0x7c] high edge lint[0x1])
[    0.016098] ACPI: LAPIC_NMI (acpi_id[0x7d] high edge lint[0x1])
[    0.016098] ACPI: LAPIC_NMI (acpi_id[0x7e] high edge lint[0x1])
[    0.016098] ACPI: LAPIC_NMI (acpi_id[0x7f] high edge lint[0x1])
[    0.016098] IOAPIC[0]: apic_id 1, version 32, address 0xfec00000, GSI 0-23
[    0.016098] ACPI: INT_SRC_OVR (bus 0 bus_irq 0 global_irq 2 high edge)
[    0.016098] ACPI: Using ACPI (MADT) for SMP configuration information
[    0.016098] ACPI: HPET id: 0x8086af01 base: 0xfed00000
[    0.016098] smpboot: Allowing 128 CPUs, 124 hotplug CPUs
[    0.016098] PM: hibernation: Registered nosave memory: [mem 0x00000000-0x00000fff]
[    0.016098] PM: hibernation: Registered nosave memory: [mem 0x0009e000-0x0009efff]
[    0.016098] PM: hibernation: Registered nosave memory: [mem 0x0009f000-0x0009ffff]
[    0.016098] PM: hibernation: Registered nosave memory: [mem 0x000a0000-0x000dbfff]
[    0.016098] PM: hibernation: Registered nosave memory: [mem 0x000dc000-0x000fffff]
[    0.016098] PM: hibernation: Registered nosave memory: [mem 0xbfed0000-0xbfefefff]
[    0.016098] PM: hibernation: Registered nosave memory: [mem 0xbfeff000-0xbfefffff]
[    0.016098] PM: hibernation: Registered nosave memory: [mem 0xc0000000-0xefffffff]
[    0.016098] PM: hibernation: Registered nosave memory: [mem 0xf0000000-0xf7ffffff]
[    0.016098] PM: hibernation: Registered nosave memory: [mem 0xf8000000-0xfebfffff]
[    0.016098] PM: hibernation: Registered nosave memory: [mem 0xfec00000-0xfec0ffff]
[    0.016098] PM: hibernation: Registered nosave memory: [mem 0xfec10000-0xfedfffff]
[    0.016098] PM: hibernation: Registered nosave memory: [mem 0xfee00000-0xfee00fff]
[    0.016098] PM: hibernation: Registered nosave memory: [mem 0xfee01000-0xfffdffff]
[    0.016098] PM: hibernation: Registered nosave memory: [mem 0xfffe0000-0xffffffff]
[    0.016098] [mem 0xc0000000-0xefffffff] available for PCI devices
[    0.016098] Booting paravirtualized kernel on VMware hypervisor
[    0.016098] clocksource: refined-jiffies: mask: 0xffffffff max_cycles: 0xffffffff, max_idle_ns: 7645519600211568 ns
[    0.016098] setup_percpu: NR_CPUS:8192 nr_cpumask_bits:128 nr_cpu_ids:128 nr_node_ids:1
[    0.016098] percpu: Embedded 62 pages/cpu s217088 r8192 d28672 u262144
[    0.016098] pcpu-alloc: s217088 r8192 d28672 u262144 alloc=1*2097152
[    0.016098] pcpu-alloc: [0] 000 001 002 003 004 005 006 007 
[    0.016098] pcpu-alloc: [0] 008 009 010 011 012 013 014 015 
[    0.016098] pcpu-alloc: [0] 016 017 018 019 020 021 022 023 
[    0.016098] pcpu-alloc: [0] 024 025 026 027 028 029 030 031 
[    0.016098] pcpu-alloc: [0] 032 033 034 035 036 037 038 039 
[    0.016098] pcpu-alloc: [0] 040 041 042 043 044 045 046 047 
[    0.016098] pcpu-alloc: [0] 048 049 050 051 052 053 054 055 
[    0.016098] pcpu-alloc: [0] 056 057 058 059 060 061 062 063 
[    0.016098] pcpu-alloc: [0] 064 065 066 067 068 069 070 071 
[    0.016098] pcpu-alloc: [0] 072 073 074 075 076 077 078 079 
[    0.016098] pcpu-alloc: [0] 080 081 082 083 084 085 086 087 
[    0.016098] pcpu-alloc: [0] 088 089 090 091 092 093 094 095 
[    0.016098] pcpu-alloc: [0] 096 097 098 099 100 101 102 103 
[    0.016098] pcpu-alloc: [0] 104 105 106 107 108 109 110 111 
[    0.016098] pcpu-alloc: [0] 112 113 114 115 116 117 118 119 
[    0.016098] pcpu-alloc: [0] 120 121 122 123 124 125 126 127 
[    0.016098] Fallback order for Node 0: 0 
[    0.016098] Built 1 zonelists, mobility grouping on.  Total pages: 1727408
[    0.016098] Policy zone: Normal
[    0.016098] Kernel command line: BOOT_IMAGE=/boot/vmlinuz-6.2.0-33-generic root=UUID=e53120a1-d5f3-4862-9033-322598196d6e ro quiet splash
[    0.016098] Unknown kernel command line parameters "splash BOOT_IMAGE=/boot/vmlinuz-6.2.0-33-generic", will be passed to user space.
[    0.016098] random: crng init done
[    0.016098] printk: log_buf_len individual max cpu contribution: 4096 bytes
[    0.016098] printk: log_buf_len total cpu_extra contributions: 520192 bytes
[    0.016098] printk: log_buf_len min size: 262144 bytes
[    0.016098] printk: log_buf_len: 1048576 bytes
[    0.016098] printk: early log buf free: 238120(90%)
[    0.016098] Dentry cache hash table entries: 1048576 (order: 11, 8388608 bytes, linear)
[    0.016098] Inode-cache hash table entries: 524288 (order: 10, 4194304 bytes, linear)
[    0.016098] mem auto-init: stack:off, heap alloc:on, heap free:off
[    0.016098] software IO TLB: area num 128.
[    0.016098] Memory: 6662800K/7019956K available (20480K kernel code, 4151K rwdata, 12712K rodata, 4764K init, 17540K bss, 356896K reserved, 0K cma-reserved)
[    0.016098] SLUB: HWalign=64, Order=0-3, MinObjects=0, CPUs=128, Nodes=1
[    0.016098] Kernel/User page tables isolation: enabled
[    0.016098] ftrace: allocating 53405 entries in 209 pages
[    0.016098] ftrace: allocated 209 pages with 4 groups
[    0.016098] Dynamic Preempt: voluntary
[    0.016098] rcu: Preemptible hierarchical RCU implementation.
[    0.016098] rcu: 	RCU restricting CPUs from NR_CPUS=8192 to nr_cpu_ids=128.
[    0.016098] 	Trampoline variant of Tasks RCU enabled.
[    0.016098] 	Rude variant of Tasks RCU enabled.
[    0.016098] 	Tracing variant of Tasks RCU enabled.
[    0.016098] rcu: RCU calculated value of scheduler-enlistment delay is 25 jiffies.
[    0.016098] rcu: Adjusting geometry for rcu_fanout_leaf=16, nr_cpu_ids=128
[    0.016098] NR_IRQS: 524544, nr_irqs: 1448, preallocated irqs: 16
[    0.043798] rcu: srcu_init: Setting srcu_struct sizes to big.
[    0.067629] Console: colour VGA+ 80x25
[    0.067655] printk: console [tty0] enabled
[    0.067978] ACPI: Core revision 20221020
[    0.071020] clocksource: hpet: mask: 0xffffffff max_cycles: 0xffffffff, max_idle_ns: 133484882848 ns
[    0.597999] APIC: Switch to symmetric I/O mode setup
[    0.602128] x2apic enabled
[    0.602579] Switched APIC routing to physical x2apic.
[    0.622397] ..TIMER: vector=0x30 apic1=0 pin1=2 apic2=-1 pin2=-1
[    0.622495] clocksource: tsc-early: mask: 0xffffffffffffffff max_cycles: 0x2135f518237, max_idle_ns: 440795271980 ns
[    0.622524] Calibrating delay loop (skipped) preset value.. 4607.99 BogoMIPS (lpj=9215989)
[    0.627121] x86/cpu: User Mode Instruction Prevention (UMIP) activated
[    0.630543] Last level iTLB entries: 4KB 0, 2MB 0, 4MB 0
[    0.630551] Last level dTLB entries: 4KB 0, 2MB 0, 4MB 0, 1GB 0
[    0.630571] Spectre V1 : Mitigation: usercopy/swapgs barriers and __user pointer sanitization
[    0.630579] Spectre V2 : Mitigation: IBRS
[    0.630586] Spectre V2 : Spectre v2 / SpectreRSB mitigation: Filling RSB on context switch
[    0.630593] Spectre V2 : Spectre v2 / SpectreRSB : Filling RSB on VMEXIT
[    0.630599] RETBleed: Mitigation: IBRS
[    0.630607] Spectre V2 : mitigation: Enabling conditional Indirect Branch Prediction Barrier
[    0.630614] Speculative Store Bypass: Mitigation: Speculative Store Bypass disabled via prctl
[    0.630623] MDS: Vulnerable: Clear CPU buffers attempted, no microcode
[    0.630630] GDS: Unknown: Dependent on hypervisor status
[    0.630723] x86/fpu: Supporting XSAVE feature 0x001: 'x87 floating point registers'
[    0.630730] x86/fpu: Supporting XSAVE feature 0x002: 'SSE registers'
[    0.630737] x86/fpu: Supporting XSAVE feature 0x004: 'AVX registers'
[    0.630744] x86/fpu: Supporting XSAVE feature 0x020: 'AVX-512 opmask'
[    0.630750] x86/fpu: Supporting XSAVE feature 0x040: 'AVX-512 Hi256'
[    0.630757] x86/fpu: Supporting XSAVE feature 0x080: 'AVX-512 ZMM_Hi256'
[    0.630764] x86/fpu: xstate_offset[2]:  576, xstate_sizes[2]:  256
[    0.630771] x86/fpu: xstate_offset[5]:  832, xstate_sizes[5]:   64
[    0.630778] x86/fpu: xstate_offset[6]:  896, xstate_sizes[6]:  512
[    0.630784] x86/fpu: xstate_offset[7]: 1408, xstate_sizes[7]: 1024
[    0.630791] x86/fpu: Enabled xstate features 0xe7, context size is 2432 bytes, using 'compacted' format.
[    0.690863] Freeing SMP alternatives memory: 44K
[    0.690874] pid_max: default: 131072 minimum: 1024
[    0.690992] LSM: initializing lsm=lockdown,capability,landlock,yama,integrity,apparmor
[    0.691051] landlock: Up and running.
[    0.691057] Yama: becoming mindful.
[    0.694573] AppArmor: AppArmor initialized
[    0.698849] Mount-cache hash table entries: 16384 (order: 5, 131072 bytes, linear)
[    0.699173] Mountpoint-cache hash table entries: 16384 (order: 5, 131072 bytes, linear)
[    0.715017] smpboot: CPU0: 11th Gen Intel(R) Core(TM) i7-11800H @ 2.30GHz (family: 0x6, model: 0x8d, stepping: 0x1)
[    0.718282] cblist_init_generic: Setting adjustable number of callback queues.
[    0.718307] cblist_init_generic: Setting shift to 7 and lim to 1.
[    0.718671] cblist_init_generic: Setting shift to 7 and lim to 1.
[    0.718860] cblist_init_generic: Setting shift to 7 and lim to 1.
[    0.720999] Performance Events: Icelake events, core PMU driver.
[    0.721320] core: CPUID marked event: 'cpu cycles' unavailable
[    0.721327] core: CPUID marked event: 'instructions' unavailable
[    0.721334] core: CPUID marked event: 'bus cycles' unavailable
[    0.721344] core: CPUID marked event: 'cache references' unavailable
[    0.721351] core: CPUID marked event: 'cache misses' unavailable
[    0.721358] core: CPUID marked event: 'branch instructions' unavailable
[    0.721365] core: CPUID marked event: 'branch misses' unavailable
[    0.721373] ... version:                1
[    0.721380] ... bit width:              48
[    0.721387] ... generic registers:      8
[    0.721393] ... value mask:             0000ffffffffffff
[    0.721401] ... max period:             000000007fffffff
[    0.721407] ... fixed-purpose events:   0
[    0.721414] ... event mask:             0000000f000000ff
[    0.721538] signal: max sigframe size: 3632
[    0.721848] rcu: Hierarchical SRCU implementation.
[    0.721855] rcu: 	Max phase no-delay instances is 1000.
[    0.726970] NMI watchdog: Perf NMI watchdog permanently disabled
[    0.776426] smp: Bringing up secondary CPUs ...
[    0.778465] x86: Booting SMP configuration:
[    0.778473] .... node  #0, CPUs:          #1
[    0.574366] smpboot: CPU 1 Converting physical 2 to logical package 1
[    0.574366] smpboot: CPU 1 Converting physical 0 to logical die 1
[    0.784317]    #2
[    0.574366] smpboot: CPU 2 Converting physical 4 to logical package 2
[    0.574366] smpboot: CPU 2 Converting physical 0 to logical die 2
[    0.788730]    #3
[    0.574366] smpboot: CPU 3 Converting physical 6 to logical package 3
[    0.574366] smpboot: CPU 3 Converting physical 0 to logical die 3
[    0.790883] smp: Brought up 1 node, 4 CPUs
[    0.790883] smpboot: Max logical packages: 128
[    0.790883] smpboot: Total of 4 processors activated (18431.97 BogoMIPS)
[    0.792590] devtmpfs: initialized
[    0.792590] x86/mm: Memory block size: 128MB
[    0.798509] ACPI: PM: Registering ACPI NVS region [mem 0xbfeff000-0xbfefffff] (4096 bytes)
[    0.799296] clocksource: jiffies: mask: 0xffffffff max_cycles: 0xffffffff, max_idle_ns: 7645041785100000 ns
[    0.805453] futex hash table entries: 32768 (order: 9, 2097152 bytes, linear)
[    0.806425] pinctrl core: initialized pinctrl subsystem
[    0.807343] PM: RTC time: 22:47:35, date: 2023-10-04
[    0.817114] NET: Registered PF_NETLINK/PF_ROUTE protocol family
[    0.820733] DMA: preallocated 1024 KiB GFP_KERNEL pool for atomic allocations
[    0.820814] DMA: preallocated 1024 KiB GFP_KERNEL|GFP_DMA pool for atomic allocations
[    0.820908] DMA: preallocated 1024 KiB GFP_KERNEL|GFP_DMA32 pool for atomic allocations
[    0.820930] audit: initializing netlink subsys (disabled)
[    0.821098] audit: type=2000 audit(1696459655.204:1): state=initialized audit_enabled=0 res=1
[    0.821098] thermal_sys: Registered thermal governor 'fair_share'
[    0.821098] thermal_sys: Registered thermal governor 'bang_bang'
[    0.821098] thermal_sys: Registered thermal governor 'step_wise'
[    0.821098] thermal_sys: Registered thermal governor 'user_space'
[    0.821098] thermal_sys: Registered thermal governor 'power_allocator'
[    0.821098] EISA bus registered
[    0.823236] cpuidle: using governor ladder
[    0.823236] cpuidle: using governor menu
[    0.823236] Simple Boot Flag at 0x36 set to 0x80
[    0.823236] acpiphp: ACPI Hot Plug PCI Controller Driver version: 0.5
[    0.823895] PCI: MMCONFIG for domain 0000 [bus 00-7f] at [mem 0xf0000000-0xf7ffffff] (base 0xf0000000)
[    0.823905] PCI: MMCONFIG at [mem 0xf0000000-0xf7ffffff] reserved as E820 entry
[    0.823920] PCI: Using configuration type 1 for base access
[    0.824304] kprobes: kprobe jump-optimization is enabled. All kprobes are optimized if possible.
[    0.851313] HugeTLB: registered 1.00 GiB page size, pre-allocated 0 pages
[    0.851313] HugeTLB: 16380 KiB vmemmap can be freed for a 1.00 GiB page
[    0.851313] HugeTLB: registered 2.00 MiB page size, pre-allocated 0 pages
[    0.851313] HugeTLB: 28 KiB vmemmap can be freed for a 2.00 MiB page
[    0.855181] ACPI: Added _OSI(Module Device)
[    0.855188] ACPI: Added _OSI(Processor Device)
[    0.855194] ACPI: Added _OSI(3.0 _SCP Extensions)
[    0.855201] ACPI: Added _OSI(Processor Aggregator Device)
[    0.882509] ACPI: 1 ACPI AML tables successfully acquired and loaded
[    0.883595] ACPI: [Firmware Bug]: BIOS _OSI(Linux) query ignored
[    0.899417] ACPI: Interpreter enabled
[    0.899435] ACPI: PM: (supports S0 S1 S4 S5)
[    0.899442] ACPI: Using IOAPIC for interrupt routing
[    0.900602] PCI: Using host bridge windows from ACPI; if necessary, use "pci=nocrs" and report a bug
[    0.900608] PCI: Using E820 reservations for host bridge windows
[    0.901687] ACPI: Enabled 4 GPEs in block 00 to 0F
[    1.132142] ACPI: PCI Root Bridge [PCI0] (domain 0000 [bus 00-7f])
[    1.132159] acpi PNP0A03:00: _OSC: OS supports [ExtendedConfig ASPM ClockPM Segments MSI EDR HPX-Type3]
[    1.132264] acpi PNP0A03:00: _OSC: platform does not support [AER LTR DPC]
[    1.132478] acpi PNP0A03:00: _OSC: OS now controls [PCIeHotplug SHPCHotplug PME PCIeCapability]
[    1.135193] PCI host bridge to bus 0000:00
[    1.135201] pci_bus 0000:00: root bus resource [mem 0x000a0000-0x000bffff window]
[    1.135210] pci_bus 0000:00: root bus resource [mem 0x000d0000-0x000dbfff window]
[    1.135217] pci_bus 0000:00: root bus resource [mem 0xc0000000-0xfebfffff window]
[    1.135225] pci_bus 0000:00: root bus resource [io  0x0000-0x0cf7 window]
[    1.135232] pci_bus 0000:00: root bus resource [io  0x0d00-0xfeff window]
[    1.135240] pci_bus 0000:00: root bus resource [bus 00-7f]
[    1.135395] pci 0000:00:00.0: [8086:7190] type 00 class 0x060000
[    1.136235] pci 0000:00:01.0: [8086:7191] type 01 class 0x060400
[    1.150509] pci 0000:00:07.0: [8086:7110] type 00 class 0x060100
[    1.150509] pci 0000:00:07.1: [8086:7111] type 00 class 0x01018a
[    1.150509] pci 0000:00:07.1: reg 0x20: [io  0x1060-0x106f]
[    1.150979] pci 0000:00:07.1: legacy IDE quirk: reg 0x10: [io  0x01f0-0x01f7]
[    1.150987] pci 0000:00:07.1: legacy IDE quirk: reg 0x14: [io  0x03f6]
[    1.150993] pci 0000:00:07.1: legacy IDE quirk: reg 0x18: [io  0x0170-0x0177]
[    1.151000] pci 0000:00:07.1: legacy IDE quirk: reg 0x1c: [io  0x0376]
[    1.151334] pci 0000:00:07.3: [8086:7113] type 00 class 0x068000
[    1.153165] pci 0000:00:07.3: quirk: [io  0x1000-0x103f] claimed by PIIX4 ACPI
[    1.153185] pci 0000:00:07.3: quirk: [io  0x1040-0x104f] claimed by PIIX4 SMB
[    1.153568] pci 0000:00:07.7: [15ad:0740] type 00 class 0x088000
[    1.153952] pci 0000:00:07.7: reg 0x10: [io  0x1080-0x10bf]
[    1.154530] pci 0000:00:07.7: reg 0x14: [mem 0xfebc0000-0xfebfffff 64bit]
[    1.168692] pci 0000:00:0f.0: [15ad:0405] type 00 class 0x030000
[    1.169684] pci 0000:00:0f.0: reg 0x10: [io  0x1070-0x107f]
[    1.170532] pci 0000:00:0f.0: reg 0x14: [mem 0xe8000000-0xefffffff pref]
[    1.171514] pci 0000:00:0f.0: reg 0x18: [mem 0xfe000000-0xfe7fffff]
[    1.175506] pci 0000:00:0f.0: reg 0x30: [mem 0x00000000-0x00007fff pref]
[    1.175590] pci 0000:00:0f.0: Video device with shadowed ROM at [mem 0x000c0000-0x000dffff]
[    1.176173] pci 0000:00:10.0: [1000:0030] type 00 class 0x010000
[    1.176527] pci 0000:00:10.0: reg 0x10: [io  0x1400-0x14ff]
[    1.176834] pci 0000:00:10.0: reg 0x14: [mem 0xfeb80000-0xfeb9ffff 64bit]
[    1.177188] pci 0000:00:10.0: reg 0x1c: [mem 0xfeba0000-0xfebbffff 64bit]
[    1.177839] pci 0000:00:10.0: reg 0x30: [mem 0x00000000-0x00003fff pref]
[    1.178703] pci 0000:00:11.0: [15ad:0790] type 01 class 0x060401
[    1.185323] pci 0000:00:15.0: [15ad:07a0] type 01 class 0x060400
[    1.186307] pci 0000:00:15.0: PME# supported from D0 D3hot D3cold
[    1.187129] pci 0000:00:15.1: [15ad:07a0] type 01 class 0x060400
[    1.188162] pci 0000:00:15.1: PME# supported from D0 D3hot D3cold
[    1.188691] pci 0000:00:15.2: [15ad:07a0] type 01 class 0x060400
[    1.189671] pci 0000:00:15.2: PME# supported from D0 D3hot D3cold
[    1.190161] pci 0000:00:15.3: [15ad:07a0] type 01 class 0x060400
[    1.191291] pci 0000:00:15.3: PME# supported from D0 D3hot D3cold
[    1.191893] pci 0000:00:15.4: [15ad:07a0] type 01 class 0x060400
[    1.193022] pci 0000:00:15.4: PME# supported from D0 D3hot D3cold
[    1.193688] pci 0000:00:15.5: [15ad:07a0] type 01 class 0x060400
[    1.194861] pci 0000:00:15.5: PME# supported from D0 D3hot D3cold
[    1.195374] pci 0000:00:15.6: [15ad:07a0] type 01 class 0x060400
[    1.196503] pci 0000:00:15.6: PME# supported from D0 D3hot D3cold
[    1.197121] pci 0000:00:15.7: [15ad:07a0] type 01 class 0x060400
[    1.198509] pci 0000:00:15.7: PME# supported from D0 D3hot D3cold
[    1.198973] pci 0000:00:16.0: [15ad:07a0] type 01 class 0x060400
[    1.199947] pci 0000:00:16.0: PME# supported from D0 D3hot D3cold
[    1.200561] pci 0000:00:16.1: [15ad:07a0] type 01 class 0x060400
[    1.201545] pci 0000:00:16.1: PME# supported from D0 D3hot D3cold
[    1.202090] pci 0000:00:16.2: [15ad:07a0] type 01 class 0x060400
[    1.203183] pci 0000:00:16.2: PME# supported from D0 D3hot D3cold
[    1.203815] pci 0000:00:16.3: [15ad:07a0] type 01 class 0x060400
[    1.204810] pci 0000:00:16.3: PME# supported from D0 D3hot D3cold
[    1.205300] pci 0000:00:16.4: [15ad:07a0] type 01 class 0x060400
[    1.206289] pci 0000:00:16.4: PME# supported from D0 D3hot D3cold
[    1.206889] pci 0000:00:16.5: [15ad:07a0] type 01 class 0x060400
[    1.207871] pci 0000:00:16.5: PME# supported from D0 D3hot D3cold
[    1.208399] pci 0000:00:16.6: [15ad:07a0] type 01 class 0x060400
[    1.209385] pci 0000:00:16.6: PME# supported from D0 D3hot D3cold
[    1.209970] pci 0000:00:16.7: [15ad:07a0] type 01 class 0x060400
[    1.211018] pci 0000:00:16.7: PME# supported from D0 D3hot D3cold
[    1.211514] pci 0000:00:17.0: [15ad:07a0] type 01 class 0x060400
[    1.212489] pci 0000:00:17.0: PME# supported from D0 D3hot D3cold
[    1.213125] pci 0000:00:17.1: [15ad:07a0] type 01 class 0x060400
[    1.214509] pci 0000:00:17.1: PME# supported from D0 D3hot D3cold
[    1.214917] pci 0000:00:17.2: [15ad:07a0] type 01 class 0x060400
[    1.215959] pci 0000:00:17.2: PME# supported from D0 D3hot D3cold
[    1.216482] pci 0000:00:17.3: [15ad:07a0] type 01 class 0x060400
[    1.217515] pci 0000:00:17.3: PME# supported from D0 D3hot D3cold
[    1.218046] pci 0000:00:17.4: [15ad:07a0] type 01 class 0x060400
[    1.219122] pci 0000:00:17.4: PME# supported from D0 D3hot D3cold
[    1.219692] pci 0000:00:17.5: [15ad:07a0] type 01 class 0x060400
[    1.220701] pci 0000:00:17.5: PME# supported from D0 D3hot D3cold
[    1.221235] pci 0000:00:17.6: [15ad:07a0] type 01 class 0x060400
[    1.222301] pci 0000:00:17.6: PME# supported from D0 D3hot D3cold
[    1.223006] pci 0000:00:17.7: [15ad:07a0] type 01 class 0x060400
[    1.224018] pci 0000:00:17.7: PME# supported from D0 D3hot D3cold
[    1.224597] pci 0000:00:18.0: [15ad:07a0] type 01 class 0x060400
[    1.225647] pci 0000:00:18.0: PME# supported from D0 D3hot D3cold
[    1.226288] pci 0000:00:18.1: [15ad:07a0] type 01 class 0x060400
[    1.227368] pci 0000:00:18.1: PME# supported from D0 D3hot D3cold
[    1.227903] pci 0000:00:18.2: [15ad:07a0] type 01 class 0x060400
[    1.228947] pci 0000:00:18.2: PME# supported from D0 D3hot D3cold
[    1.229553] pci 0000:00:18.3: [15ad:07a0] type 01 class 0x060400
[    1.230676] pci 0000:00:18.3: PME# supported from D0 D3hot D3cold
[    1.231304] pci 0000:00:18.4: [15ad:07a0] type 01 class 0x060400
[    1.232388] pci 0000:00:18.4: PME# supported from D0 D3hot D3cold
[    1.232980] pci 0000:00:18.5: [15ad:07a0] type 01 class 0x060400
[    1.234096] pci 0000:00:18.5: PME# supported from D0 D3hot D3cold
[    1.234754] pci 0000:00:18.6: [15ad:07a0] type 01 class 0x060400
[    1.235850] pci 0000:00:18.6: PME# supported from D0 D3hot D3cold
[    1.236440] pci 0000:00:18.7: [15ad:07a0] type 01 class 0x060400
[    1.237542] pci 0000:00:18.7: PME# supported from D0 D3hot D3cold
[    1.252645] pci_bus 0000:01: extended config space not accessible
[    1.311093] pci 0000:00:01.0: PCI bridge to [bus 01]
[    1.311387] pci_bus 0000:02: extended config space not accessible
[    1.311748] acpiphp: Slot [32] registered
[    1.311779] acpiphp: Slot [33] registered
[    1.311806] acpiphp: Slot [34] registered
[    1.311832] acpiphp: Slot [35] registered
[    1.311858] acpiphp: Slot [36] registered
[    1.311885] acpiphp: Slot [37] registered
[    1.311910] acpiphp: Slot [38] registered
[    1.311956] acpiphp: Slot [39] registered
[    1.311981] acpiphp: Slot [40] registered
[    1.312006] acpiphp: Slot [41] registered
[    1.312032] acpiphp: Slot [42] registered
[    1.312057] acpiphp: Slot [43] registered
[    1.312083] acpiphp: Slot [44] registered
[    1.312108] acpiphp: Slot [45] registered
[    1.312133] acpiphp: Slot [46] registered
[    1.312196] acpiphp: Slot [47] registered
[    1.312222] acpiphp: Slot [48] registered
[    1.312251] acpiphp: Slot [49] registered
[    1.312278] acpiphp: Slot [50] registered
[    1.312303] acpiphp: Slot [51] registered
[    1.312339] acpiphp: Slot [52] registered
[    1.312364] acpiphp: Slot [53] registered
[    1.312397] acpiphp: Slot [54] registered
[    1.312445] acpiphp: Slot [55] registered
[    1.312475] acpiphp: Slot [56] registered
[    1.312502] acpiphp: Slot [57] registered
[    1.312528] acpiphp: Slot [58] registered
[    1.312555] acpiphp: Slot [59] registered
[    1.312601] acpiphp: Slot [60] registered
[    1.312626] acpiphp: Slot [61] registered
[    1.312652] acpiphp: Slot [62] registered
[    1.312698] acpiphp: Slot [63] registered
[    1.312804] pci 0000:02:00.0: [15ad:0774] type 00 class 0x0c0300
[    1.314509] pci 0000:02:00.0: reg 0x20: [io  0x2080-0x209f]
[    1.315665] pci 0000:02:01.0: [8086:100f] type 00 class 0x020000
[    1.316114] pci 0000:02:01.0: reg 0x10: [mem 0xfd5c0000-0xfd5dffff 64bit]
[    1.316494] pci 0000:02:01.0: reg 0x18: [mem 0xfdff0000-0xfdffffff 64bit]
[    1.316887] pci 0000:02:01.0: reg 0x20: [io  0x2000-0x203f]
[    1.317530] pci 0000:02:01.0: reg 0x30: [mem 0x00000000-0x0000ffff pref]
[    1.317982] pci 0000:02:01.0: PME# supported from D0 D3hot D3cold
[    1.318693] pci 0000:02:02.0: [1274:1371] type 00 class 0x040100
[    1.319011] pci 0000:02:02.0: reg 0x10: [io  0x2040-0x207f]
[    1.322024] pci 0000:02:03.0: [15ad:0770] type 00 class 0x0c0320
[    1.322328] pci 0000:02:03.0: reg 0x10: [mem 0xfd5ef000-0xfd5effff]
[    1.324456] pci 0000:02:04.0: [15ad:07e0] type 00 class 0x010601
[    1.327199] pci 0000:02:04.0: reg 0x24: [mem 0xfd5ee000-0xfd5eefff]
[    1.327671] pci 0000:02:04.0: reg 0x30: [mem 0x00000000-0x0000ffff pref]
[    1.328297] pci 0000:02:04.0: PME# supported from D3hot
[    1.378405] pci 0000:00:11.0: PCI bridge to [bus 02] (subtractive decode)
[    1.378443] pci 0000:00:11.0:   bridge window [io  0x2000-0x3fff]
[    1.378485] pci 0000:00:11.0:   bridge window [mem 0xfd500000-0xfdffffff]
[    1.378573] pci 0000:00:11.0:   bridge window [mem 0xe7b00000-0xe7ffffff 64bit pref]
[    1.378581] pci 0000:00:11.0:   bridge window [mem 0x000a0000-0x000bffff window] (subtractive decode)
[    1.378589] pci 0000:00:11.0:   bridge window [mem 0x000d0000-0x000dbfff window] (subtractive decode)
[    1.378600] pci 0000:00:11.0:   bridge window [mem 0xc0000000-0xfebfffff window] (subtractive decode)
[    1.378612] pci 0000:00:11.0:   bridge window [io  0x0000-0x0cf7 window] (subtractive decode)
[    1.378619] pci 0000:00:11.0:   bridge window [io  0x0d00-0xfeff window] (subtractive decode)
[    1.382509] pci 0000:00:15.0: PCI bridge to [bus 03]
[    1.382509] pci 0000:00:15.0:   bridge window [io  0x4000-0x4fff]
[    1.382509] pci 0000:00:15.0:   bridge window [mem 0xfd400000-0xfd4fffff]
[    1.382509] pci 0000:00:15.0:   bridge window [mem 0xe7a00000-0xe7afffff 64bit pref]
[    1.383419] pci 0000:00:15.1: PCI bridge to [bus 04]
[    1.383453] pci 0000:00:15.1:   bridge window [io  0x8000-0x8fff]
[    1.383490] pci 0000:00:15.1:   bridge window [mem 0xfd000000-0xfd0fffff]
[    1.383547] pci 0000:00:15.1:   bridge window [mem 0xe7600000-0xe76fffff 64bit pref]
[    1.385818] pci 0000:00:15.2: PCI bridge to [bus 05]
[    1.385853] pci 0000:00:15.2:   bridge window [io  0xc000-0xcfff]
[    1.385887] pci 0000:00:15.2:   bridge window [mem 0xfcc00000-0xfccfffff]
[    1.385940] pci 0000:00:15.2:   bridge window [mem 0xe7200000-0xe72fffff 64bit pref]
[    1.388140] pci 0000:00:15.3: PCI bridge to [bus 06]
[    1.388195] pci 0000:00:15.3:   bridge window [mem 0xfc800000-0xfc8fffff]
[    1.388247] pci 0000:00:15.3:   bridge window [mem 0xe6e00000-0xe6efffff 64bit pref]
[    1.390279] pci 0000:00:15.4: PCI bridge to [bus 07]
[    1.390340] pci 0000:00:15.4:   bridge window [mem 0xfc400000-0xfc4fffff]
[    1.390402] pci 0000:00:15.4:   bridge window [mem 0xe6a00000-0xe6afffff 64bit pref]
[    1.392507] pci 0000:00:15.5: PCI bridge to [bus 08]
[    1.392565] pci 0000:00:15.5:   bridge window [mem 0xfc000000-0xfc0fffff]
[    1.392617] pci 0000:00:15.5:   bridge window [mem 0xe6600000-0xe66fffff 64bit pref]
[    1.394692] pci 0000:00:15.6: PCI bridge to [bus 09]
[    1.394758] pci 0000:00:15.6:   bridge window [mem 0xfbc00000-0xfbcfffff]
[    1.394819] pci 0000:00:15.6:   bridge window [mem 0xe6200000-0xe62fffff 64bit pref]
[    1.398961] pci 0000:00:15.7: PCI bridge to [bus 0a]
[    1.399022] pci 0000:00:15.7:   bridge window [mem 0xfb800000-0xfb8fffff]
[    1.399074] pci 0000:00:15.7:   bridge window [mem 0xe5e00000-0xe5efffff 64bit pref]
[    1.401157] pci 0000:00:16.0: PCI bridge to [bus 0b]
[    1.401192] pci 0000:00:16.0:   bridge window [io  0x5000-0x5fff]
[    1.401225] pci 0000:00:16.0:   bridge window [mem 0xfd300000-0xfd3fffff]
[    1.401281] pci 0000:00:16.0:   bridge window [mem 0xe7900000-0xe79fffff 64bit pref]
[    1.403347] pci 0000:00:16.1: PCI bridge to [bus 0c]
[    1.403377] pci 0000:00:16.1:   bridge window [io  0x9000-0x9fff]
[    1.403418] pci 0000:00:16.1:   bridge window [mem 0xfcf00000-0xfcffffff]
[    1.403470] pci 0000:00:16.1:   bridge window [mem 0xe7500000-0xe75fffff 64bit pref]
[    1.405581] pci 0000:00:16.2: PCI bridge to [bus 0d]
[    1.405620] pci 0000:00:16.2:   bridge window [io  0xd000-0xdfff]
[    1.405653] pci 0000:00:16.2:   bridge window [mem 0xfcb00000-0xfcbfffff]
[    1.405707] pci 0000:00:16.2:   bridge window [mem 0xe7100000-0xe71fffff 64bit pref]
[    1.407769] pci 0000:00:16.3: PCI bridge to [bus 0e]
[    1.407829] pci 0000:00:16.3:   bridge window [mem 0xfc700000-0xfc7fffff]
[    1.407881] pci 0000:00:16.3:   bridge window [mem 0xe6d00000-0xe6dfffff 64bit pref]
[    1.409940] pci 0000:00:16.4: PCI bridge to [bus 0f]
[    1.410002] pci 0000:00:16.4:   bridge window [mem 0xfc300000-0xfc3fffff]
[    1.410054] pci 0000:00:16.4:   bridge window [mem 0xe6900000-0xe69fffff 64bit pref]
[    1.412216] pci 0000:00:16.5: PCI bridge to [bus 10]
[    1.412271] pci 0000:00:16.5:   bridge window [mem 0xfbf00000-0xfbffffff]
[    1.412323] pci 0000:00:16.5:   bridge window [mem 0xe6500000-0xe65fffff 64bit pref]
[    1.414509] pci 0000:00:16.6: PCI bridge to [bus 11]
[    1.414509] pci 0000:00:16.6:   bridge window [mem 0xfbb00000-0xfbbfffff]
[    1.414509] pci 0000:00:16.6:   bridge window [mem 0xe6100000-0xe61fffff 64bit pref]
[    1.416544] pci 0000:00:16.7: PCI bridge to [bus 12]
[    1.416598] pci 0000:00:16.7:   bridge window [mem 0xfb700000-0xfb7fffff]
[    1.416650] pci 0000:00:16.7:   bridge window [mem 0xe5d00000-0xe5dfffff 64bit pref]
[    1.419633] pci 0000:00:17.0: PCI bridge to [bus 13]
[    1.419697] pci 0000:00:17.0:   bridge window [io  0x6000-0x6fff]
[    1.419752] pci 0000:00:17.0:   bridge window [mem 0xfd200000-0xfd2fffff]
[    1.419828] pci 0000:00:17.0:   bridge window [mem 0xe7800000-0xe78fffff 64bit pref]
[    1.423648] pci 0000:00:17.1: PCI bridge to [bus 14]
[    1.423688] pci 0000:00:17.1:   bridge window [io  0xa000-0xafff]
[    1.423717] pci 0000:00:17.1:   bridge window [mem 0xfce00000-0xfcefffff]
[    1.423769] pci 0000:00:17.1:   bridge window [mem 0xe7400000-0xe74fffff 64bit pref]
[    1.425846] pci 0000:00:17.2: PCI bridge to [bus 15]
[    1.425881] pci 0000:00:17.2:   bridge window [io  0xe000-0xefff]
[    1.425927] pci 0000:00:17.2:   bridge window [mem 0xfca00000-0xfcafffff]
[    1.425988] pci 0000:00:17.2:   bridge window [mem 0xe7000000-0xe70fffff 64bit pref]
[    1.428102] pci 0000:00:17.3: PCI bridge to [bus 16]
[    1.428175] pci 0000:00:17.3:   bridge window [mem 0xfc600000-0xfc6fffff]
[    1.428276] pci 0000:00:17.3:   bridge window [mem 0xe6c00000-0xe6cfffff 64bit pref]
[    1.430381] pci 0000:00:17.4: PCI bridge to [bus 17]
[    1.430509] pci 0000:00:17.4:   bridge window [mem 0xfc200000-0xfc2fffff]
[    1.430555] pci 0000:00:17.4:   bridge window [mem 0xe6800000-0xe68fffff 64bit pref]
[    1.433007] pci 0000:00:17.5: PCI bridge to [bus 18]
[    1.433088] pci 0000:00:17.5:   bridge window [mem 0xfbe00000-0xfbefffff]
[    1.433161] pci 0000:00:17.5:   bridge window [mem 0xe6400000-0xe64fffff 64bit pref]
[    1.435726] pci 0000:00:17.6: PCI bridge to [bus 19]
[    1.435798] pci 0000:00:17.6:   bridge window [mem 0xfba00000-0xfbafffff]
[    1.435863] pci 0000:00:17.6:   bridge window [mem 0xe6000000-0xe60fffff 64bit pref]
[    1.439211] pci 0000:00:17.7: PCI bridge to [bus 1a]
[    1.439274] pci 0000:00:17.7:   bridge window [mem 0xfb600000-0xfb6fffff]
[    1.439336] pci 0000:00:17.7:   bridge window [mem 0xe5c00000-0xe5cfffff 64bit pref]
[    1.441424] pci 0000:00:18.0: PCI bridge to [bus 1b]
[    1.441454] pci 0000:00:18.0:   bridge window [io  0x7000-0x7fff]
[    1.441495] pci 0000:00:18.0:   bridge window [mem 0xfd100000-0xfd1fffff]
[    1.441548] pci 0000:00:18.0:   bridge window [mem 0xe7700000-0xe77fffff 64bit pref]
[    1.443683] pci 0000:00:18.1: PCI bridge to [bus 1c]
[    1.443714] pci 0000:00:18.1:   bridge window [io  0xb000-0xbfff]
[    1.443752] pci 0000:00:18.1:   bridge window [mem 0xfcd00000-0xfcdfffff]
[    1.443805] pci 0000:00:18.1:   bridge window [mem 0xe7300000-0xe73fffff 64bit pref]
[    1.445943] pci 0000:00:18.2: PCI bridge to [bus 1d]
[    1.446006] pci 0000:00:18.2:   bridge window [mem 0xfc900000-0xfc9fffff]
[    1.446060] pci 0000:00:18.2:   bridge window [mem 0xe6f00000-0xe6ffffff 64bit pref]
[    1.450509] pci 0000:00:18.3: PCI bridge to [bus 1e]
[    1.450509] pci 0000:00:18.3:   bridge window [mem 0xfc500000-0xfc5fffff]
[    1.450509] pci 0000:00:18.3:   bridge window [mem 0xe6b00000-0xe6bfffff 64bit pref]
[    1.450740] pci 0000:00:18.4: PCI bridge to [bus 1f]
[    1.450814] pci 0000:00:18.4:   bridge window [mem 0xfc100000-0xfc1fffff]
[    1.450872] pci 0000:00:18.4:   bridge window [mem 0xe6700000-0xe67fffff 64bit pref]
[    1.453313] pci 0000:00:18.5: PCI bridge to [bus 20]
[    1.453379] pci 0000:00:18.5:   bridge window [mem 0xfbd00000-0xfbdfffff]
[    1.453437] pci 0000:00:18.5:   bridge window [mem 0xe6300000-0xe63fffff 64bit pref]
[    1.455724] pci 0000:00:18.6: PCI bridge to [bus 21]
[    1.455790] pci 0000:00:18.6:   bridge window [mem 0xfb900000-0xfb9fffff]
[    1.455847] pci 0000:00:18.6:   bridge window [mem 0xe5f00000-0xe5ffffff 64bit pref]
[    1.458207] pci 0000:00:18.7: PCI bridge to [bus 22]
[    1.458276] pci 0000:00:18.7:   bridge window [mem 0xfb500000-0xfb5fffff]
[    1.458333] pci 0000:00:18.7:   bridge window [mem 0xe5b00000-0xe5bfffff 64bit pref]
[    1.461988] ACPI: PCI: Interrupt link LNKA configured for IRQ 9
[    1.462106] ACPI: PCI: Interrupt link LNKB configured for IRQ 11
[    1.462200] ACPI: PCI: Interrupt link LNKC configured for IRQ 10
[    1.462293] ACPI: PCI: Interrupt link LNKD configured for IRQ 7
[    1.501163] iommu: Default domain type: Translated 
[    1.501163] iommu: DMA domain TLB invalidation policy: lazy mode 
[    1.502606] SCSI subsystem initialized
[    1.502674] libata version 3.00 loaded.
[    1.502780] ACPI: bus type USB registered
[    1.502823] usbcore: registered new interface driver usbfs
[    1.502837] usbcore: registered new interface driver hub
[    1.502879] usbcore: registered new device driver usb
[    1.502970] pps_core: LinuxPPS API ver. 1 registered
[    1.502980] pps_core: Software ver. 5.3.6 - Copyright 2005-2007 Rodolfo Giometti <giometti@linux.it>
[    1.503000] PTP clock support registered
[    1.503151] EDAC MC: Ver: 3.0.0
[    1.507660] NetLabel: Initializing
[    1.507668] NetLabel:  domain hash size = 128
[    1.507675] NetLabel:  protocols = UNLABELED CIPSOv4 CALIPSO
[    1.507695] NetLabel:  unlabeled traffic allowed by default
[    1.507833] mctp: management component transport protocol core
[    1.507833] NET: Registered PF_MCTP protocol family
[    1.507833] PCI: Using ACPI for IRQ routing
[    1.792868] PCI: pci_cache_line_size set to 64 bytes
[    1.794109] e820: reserve RAM buffer [mem 0x0009e800-0x0009ffff]
[    1.794120] e820: reserve RAM buffer [mem 0xbfed0000-0xbfffffff]
[    1.794127] e820: reserve RAM buffer [mem 0x1ec800000-0x1efffffff]
[    1.794252] pci 0000:00:0f.0: vgaarb: setting as boot VGA device
[    1.794252] pci 0000:00:0f.0: vgaarb: bridge control possible
[    1.794252] pci 0000:00:0f.0: vgaarb: VGA device added: decodes=io+mem,owns=io+mem,locks=none
[    1.794559] vgaarb: loaded
[    1.795503] hpet0: at MMIO 0xfed00000, IRQs 2, 8, 0, 0, 0, 0, 0, 0, 0, 0, 0, 0, 0, 0, 0, 0
[    1.795616] hpet0: 16 comparators, 64-bit 14.318180 MHz counter
[    1.798509] clocksource: Switched to clocksource tsc-early
[    2.253833] VFS: Disk quotas dquot_6.6.0
[    2.253880] VFS: Dquot-cache hash table entries: 512 (order 0, 4096 bytes)
[    2.258646] AppArmor: AppArmor Filesystem Enabled
[    2.258720] pnp: PnP ACPI init
[    2.259192] system 00:00: [io  0x1000-0x103f] has been reserved
[    2.259202] system 00:00: [io  0x1040-0x104f] has been reserved
[    2.259211] system 00:00: [io  0x0cf0-0x0cf1] has been reserved
[    2.259735] system 00:04: [mem 0xfed00000-0xfed003ff] has been reserved
[    2.295978] system 00:05: [io  0xfce0-0xfcff] has been reserved
[    2.295989] system 00:05: [mem 0xf0000000-0xf7ffffff] has been reserved
[    2.295998] system 00:05: [mem 0xfe800000-0xfe9fffff] has been reserved
[    2.362481] pnp: PnP ACPI: found 6 devices
[    2.498508] clocksource: acpi_pm: mask: 0xffffff max_cycles: 0xffffff, max_idle_ns: 2085701024 ns
[    2.498704] NET: Registered PF_INET protocol family
[    2.501802] IP idents hash table entries: 131072 (order: 8, 1048576 bytes, linear)
[    2.550581] tcp_listen_portaddr_hash hash table entries: 4096 (order: 4, 65536 bytes, linear)
[    2.551759] Table-perturb hash table entries: 65536 (order: 6, 262144 bytes, linear)
[    2.554647] TCP established hash table entries: 65536 (order: 7, 524288 bytes, linear)
[    2.562403] TCP bind hash table entries: 65536 (order: 9, 2097152 bytes, linear)
[    2.562403] TCP: Hash tables configured (established 65536 bind 65536)
[    2.598250] MPTCP token hash table entries: 8192 (order: 5, 196608 bytes, linear)
[    2.599139] UDP hash table entries: 4096 (order: 5, 131072 bytes, linear)
[    2.600447] UDP-Lite hash table entries: 4096 (order: 5, 131072 bytes, linear)
[    2.603439] NET: Registered PF_UNIX/PF_LOCAL protocol family
[    2.603467] NET: Registered PF_XDP protocol family
[    2.603492] pci 0000:00:15.3: bridge window [io  0x1000-0x0fff] to [bus 06] add_size 1000
[    2.603501] pci 0000:00:15.4: bridge window [io  0x1000-0x0fff] to [bus 07] add_size 1000
[    2.603509] pci 0000:00:15.5: bridge window [io  0x1000-0x0fff] to [bus 08] add_size 1000
[    2.603516] pci 0000:00:15.6: bridge window [io  0x1000-0x0fff] to [bus 09] add_size 1000
[    2.603523] pci 0000:00:15.7: bridge window [io  0x1000-0x0fff] to [bus 0a] add_size 1000
[    2.603530] pci 0000:00:16.3: bridge window [io  0x1000-0x0fff] to [bus 0e] add_size 1000
[    2.603538] pci 0000:00:16.4: bridge window [io  0x1000-0x0fff] to [bus 0f] add_size 1000
[    2.603545] pci 0000:00:16.5: bridge window [io  0x1000-0x0fff] to [bus 10] add_size 1000
[    2.603552] pci 0000:00:16.6: bridge window [io  0x1000-0x0fff] to [bus 11] add_size 1000
[    2.603559] pci 0000:00:16.7: bridge window [io  0x1000-0x0fff] to [bus 12] add_size 1000
[    2.603566] pci 0000:00:17.3: bridge window [io  0x1000-0x0fff] to [bus 16] add_size 1000
[    2.603574] pci 0000:00:17.4: bridge window [io  0x1000-0x0fff] to [bus 17] add_size 1000
[    2.603581] pci 0000:00:17.5: bridge window [io  0x1000-0x0fff] to [bus 18] add_size 1000
[    2.603588] pci 0000:00:17.6: bridge window [io  0x1000-0x0fff] to [bus 19] add_size 1000
[    2.603595] pci 0000:00:17.7: bridge window [io  0x1000-0x0fff] to [bus 1a] add_size 1000
[    2.603603] pci 0000:00:18.2: bridge window [io  0x1000-0x0fff] to [bus 1d] add_size 1000
[    2.603611] pci 0000:00:18.3: bridge window [io  0x1000-0x0fff] to [bus 1e] add_size 1000
[    2.603619] pci 0000:00:18.4: bridge window [io  0x1000-0x0fff] to [bus 1f] add_size 1000
[    2.603626] pci 0000:00:18.5: bridge window [io  0x1000-0x0fff] to [bus 20] add_size 1000
[    2.603634] pci 0000:00:18.6: bridge window [io  0x1000-0x0fff] to [bus 21] add_size 1000
[    2.603641] pci 0000:00:18.7: bridge window [io  0x1000-0x0fff] to [bus 22] add_size 1000
[    2.603661] pci 0000:00:10.0: BAR 6: assigned [mem 0xc0000000-0xc0003fff pref]
[    2.603670] pci 0000:00:15.3: BAR 13: no space for [io  size 0x1000]
[    2.603677] pci 0000:00:15.3: BAR 13: failed to assign [io  size 0x1000]
[    2.603684] pci 0000:00:15.4: BAR 13: no space for [io  size 0x1000]
[    2.603691] pci 0000:00:15.4: BAR 13: failed to assign [io  size 0x1000]
[    2.603698] pci 0000:00:15.5: BAR 13: no space for [io  size 0x1000]
[    2.603705] pci 0000:00:15.5: BAR 13: failed to assign [io  size 0x1000]
[    2.603712] pci 0000:00:15.6: BAR 13: no space for [io  size 0x1000]
[    2.603719] pci 0000:00:15.6: BAR 13: failed to assign [io  size 0x1000]
[    2.603726] pci 0000:00:15.7: BAR 13: no space for [io  size 0x1000]
[    2.603733] pci 0000:00:15.7: BAR 13: failed to assign [io  size 0x1000]
[    2.603779] pci 0000:00:16.3: BAR 13: no space for [io  size 0x1000]
[    2.603786] pci 0000:00:16.3: BAR 13: failed to assign [io  size 0x1000]
[    2.603793] pci 0000:00:16.4: BAR 13: no space for [io  size 0x1000]
[    2.603800] pci 0000:00:16.4: BAR 13: failed to assign [io  size 0x1000]
[    2.603809] pci 0000:00:16.5: BAR 13: no space for [io  size 0x1000]
[    2.603816] pci 0000:00:16.5: BAR 13: failed to assign [io  size 0x1000]
[    2.603823] pci 0000:00:16.6: BAR 13: no space for [io  size 0x1000]
[    2.603830] pci 0000:00:16.6: BAR 13: failed to assign [io  size 0x1000]
[    2.603837] pci 0000:00:16.7: BAR 13: no space for [io  size 0x1000]
[    2.603844] pci 0000:00:16.7: BAR 13: failed to assign [io  size 0x1000]
[    2.603852] pci 0000:00:17.3: BAR 13: no space for [io  size 0x1000]
[    2.603859] pci 0000:00:17.3: BAR 13: failed to assign [io  size 0x1000]
[    2.603866] pci 0000:00:17.4: BAR 13: no space for [io  size 0x1000]
[    2.603873] pci 0000:00:17.4: BAR 13: failed to assign [io  size 0x1000]
[    2.603880] pci 0000:00:17.5: BAR 13: no space for [io  size 0x1000]
[    2.603887] pci 0000:00:17.5: BAR 13: failed to assign [io  size 0x1000]
[    2.603894] pci 0000:00:17.6: BAR 13: no space for [io  size 0x1000]
[    2.603901] pci 0000:00:17.6: BAR 13: failed to assign [io  size 0x1000]
[    2.603909] pci 0000:00:17.7: BAR 13: no space for [io  size 0x1000]
[    2.603919] pci 0000:00:17.7: BAR 13: failed to assign [io  size 0x1000]
[    2.603926] pci 0000:00:18.2: BAR 13: no space for [io  size 0x1000]
[    2.603963] pci 0000:00:18.2: BAR 13: failed to assign [io  size 0x1000]
[    2.603971] pci 0000:00:18.3: BAR 13: no space for [io  size 0x1000]
[    2.603978] pci 0000:00:18.3: BAR 13: failed to assign [io  size 0x1000]
[    2.603985] pci 0000:00:18.4: BAR 13: no space for [io  size 0x1000]
[    2.603992] pci 0000:00:18.4: BAR 13: failed to assign [io  size 0x1000]
[    2.604000] pci 0000:00:18.5: BAR 13: no space for [io  size 0x1000]
[    2.604006] pci 0000:00:18.5: BAR 13: failed to assign [io  size 0x1000]
[    2.604015] pci 0000:00:18.6: BAR 13: no space for [io  size 0x1000]
[    2.604022] pci 0000:00:18.6: BAR 13: failed to assign [io  size 0x1000]
[    2.604029] pci 0000:00:18.7: BAR 13: no space for [io  size 0x1000]
[    2.604037] pci 0000:00:18.7: BAR 13: failed to assign [io  size 0x1000]
[    2.604046] pci 0000:00:18.7: BAR 13: no space for [io  size 0x1000]
[    2.604053] pci 0000:00:18.7: BAR 13: failed to assign [io  size 0x1000]
[    2.604061] pci 0000:00:18.6: BAR 13: no space for [io  size 0x1000]
[    2.604067] pci 0000:00:18.6: BAR 13: failed to assign [io  size 0x1000]
[    2.604075] pci 0000:00:18.5: BAR 13: no space for [io  size 0x1000]
[    2.604124] pci 0000:00:18.5: BAR 13: failed to assign [io  size 0x1000]
[    2.604132] pci 0000:00:18.4: BAR 13: no space for [io  size 0x1000]
[    2.604138] pci 0000:00:18.4: BAR 13: failed to assign [io  size 0x1000]
[    2.604146] pci 0000:00:18.3: BAR 13: no space for [io  size 0x1000]
[    2.604152] pci 0000:00:18.3: BAR 13: failed to assign [io  size 0x1000]
[    2.604160] pci 0000:00:18.2: BAR 13: no space for [io  size 0x1000]
[    2.604166] pci 0000:00:18.2: BAR 13: failed to assign [io  size 0x1000]
[    2.604174] pci 0000:00:17.7: BAR 13: no space for [io  size 0x1000]
[    2.604180] pci 0000:00:17.7: BAR 13: failed to assign [io  size 0x1000]
[    2.604188] pci 0000:00:17.6: BAR 13: no space for [io  size 0x1000]
[    2.604194] pci 0000:00:17.6: BAR 13: failed to assign [io  size 0x1000]
[    2.604201] pci 0000:00:17.5: BAR 13: no space for [io  size 0x1000]
[    2.604208] pci 0000:00:17.5: BAR 13: failed to assign [io  size 0x1000]
[    2.604215] pci 0000:00:17.4: BAR 13: no space for [io  size 0x1000]
[    2.604222] pci 0000:00:17.4: BAR 13: failed to assign [io  size 0x1000]
[    2.604230] pci 0000:00:17.3: BAR 13: no space for [io  size 0x1000]
[    2.604236] pci 0000:00:17.3: BAR 13: failed to assign [io  size 0x1000]
[    2.604244] pci 0000:00:16.7: BAR 13: no space for [io  size 0x1000]
[    2.604250] pci 0000:00:16.7: BAR 13: failed to assign [io  size 0x1000]
[    2.604257] pci 0000:00:16.6: BAR 13: no space for [io  size 0x1000]
[    2.604264] pci 0000:00:16.6: BAR 13: failed to assign [io  size 0x1000]
[    2.604271] pci 0000:00:16.5: BAR 13: no space for [io  size 0x1000]
[    2.604278] pci 0000:00:16.5: BAR 13: failed to assign [io  size 0x1000]
[    2.604285] pci 0000:00:16.4: BAR 13: no space for [io  size 0x1000]
[    2.604292] pci 0000:00:16.4: BAR 13: failed to assign [io  size 0x1000]
[    2.604299] pci 0000:00:16.3: BAR 13: no space for [io  size 0x1000]
[    2.604306] pci 0000:00:16.3: BAR 13: failed to assign [io  size 0x1000]
[    2.604313] pci 0000:00:15.7: BAR 13: no space for [io  size 0x1000]
[    2.604320] pci 0000:00:15.7: BAR 13: failed to assign [io  size 0x1000]
[    2.604327] pci 0000:00:15.6: BAR 13: no space for [io  size 0x1000]
[    2.604334] pci 0000:00:15.6: BAR 13: failed to assign [io  size 0x1000]
[    2.604341] pci 0000:00:15.5: BAR 13: no space for [io  size 0x1000]
[    2.604348] pci 0000:00:15.5: BAR 13: failed to assign [io  size 0x1000]
[    2.604355] pci 0000:00:15.4: BAR 13: no space for [io  size 0x1000]
[    2.604368] pci 0000:00:15.4: BAR 13: failed to assign [io  size 0x1000]
[    2.604376] pci 0000:00:15.3: BAR 13: no space for [io  size 0x1000]
[    2.604382] pci 0000:00:15.3: BAR 13: failed to assign [io  size 0x1000]
[    2.604390] pci 0000:00:01.0: PCI bridge to [bus 01]
[    2.604571] pci 0000:02:01.0: BAR 6: assigned [mem 0xfd500000-0xfd50ffff pref]
[    2.604579] pci 0000:02:04.0: BAR 6: assigned [mem 0xfd510000-0xfd51ffff pref]
[    2.604586] pci 0000:00:11.0: PCI bridge to [bus 02]
[    2.604611] pci 0000:00:11.0:   bridge window [io  0x2000-0x3fff]
[    2.604671] pci 0000:00:11.0:   bridge window [mem 0xfd500000-0xfdffffff]
[    2.604701] pci 0000:00:11.0:   bridge window [mem 0xe7b00000-0xe7ffffff 64bit pref]
[    2.604754] pci 0000:00:15.0: PCI bridge to [bus 03]
[    2.604777] pci 0000:00:15.0:   bridge window [io  0x4000-0x4fff]
[    2.604817] pci 0000:00:15.0:   bridge window [mem 0xfd400000-0xfd4fffff]
[    2.604847] pci 0000:00:15.0:   bridge window [mem 0xe7a00000-0xe7afffff 64bit pref]
[    2.604936] pci 0000:00:15.1: PCI bridge to [bus 04]
[    2.604979] pci 0000:00:15.1:   bridge window [io  0x8000-0x8fff]
[    2.605020] pci 0000:00:15.1:   bridge window [mem 0xfd000000-0xfd0fffff]
[    2.605049] pci 0000:00:15.1:   bridge window [mem 0xe7600000-0xe76fffff 64bit pref]
[    2.605112] pci 0000:00:15.2: PCI bridge to [bus 05]
[    2.605142] pci 0000:00:15.2:   bridge window [io  0xc000-0xcfff]
[    2.605204] pci 0000:00:15.2:   bridge window [mem 0xfcc00000-0xfccfffff]
[    2.605233] pci 0000:00:15.2:   bridge window [mem 0xe7200000-0xe72fffff 64bit pref]
[    2.605293] pci 0000:00:15.3: PCI bridge to [bus 06]
[    2.605334] pci 0000:00:15.3:   bridge window [mem 0xfc800000-0xfc8fffff]
[    2.605363] pci 0000:00:15.3:   bridge window [mem 0xe6e00000-0xe6efffff 64bit pref]
[    2.605423] pci 0000:00:15.4: PCI bridge to [bus 07]
[    2.605463] pci 0000:00:15.4:   bridge window [mem 0xfc400000-0xfc4fffff]
[    2.605493] pci 0000:00:15.4:   bridge window [mem 0xe6a00000-0xe6afffff 64bit pref]
[    2.605552] pci 0000:00:15.5: PCI bridge to [bus 08]
[    2.605593] pci 0000:00:15.5:   bridge window [mem 0xfc000000-0xfc0fffff]
[    2.605622] pci 0000:00:15.5:   bridge window [mem 0xe6600000-0xe66fffff 64bit pref]
[    2.605685] pci 0000:00:15.6: PCI bridge to [bus 09]
[    2.605726] pci 0000:00:15.6:   bridge window [mem 0xfbc00000-0xfbcfffff]
[    2.605755] pci 0000:00:15.6:   bridge window [mem 0xe6200000-0xe62fffff 64bit pref]
[    2.605815] pci 0000:00:15.7: PCI bridge to [bus 0a]
[    2.605856] pci 0000:00:15.7:   bridge window [mem 0xfb800000-0xfb8fffff]
[    2.605885] pci 0000:00:15.7:   bridge window [mem 0xe5e00000-0xe5efffff 64bit pref]
[    2.605952] pci 0000:00:16.0: PCI bridge to [bus 0b]
[    2.605970] pci 0000:00:16.0:   bridge window [io  0x5000-0x5fff]
[    2.606010] pci 0000:00:16.0:   bridge window [mem 0xfd300000-0xfd3fffff]
[    2.606040] pci 0000:00:16.0:   bridge window [mem 0xe7900000-0xe79fffff 64bit pref]
[    2.606100] pci 0000:00:16.1: PCI bridge to [bus 0c]
[    2.606118] pci 0000:00:16.1:   bridge window [io  0x9000-0x9fff]
[    2.606180] pci 0000:00:16.1:   bridge window [mem 0xfcf00000-0xfcffffff]
[    2.606209] pci 0000:00:16.1:   bridge window [mem 0xe7500000-0xe75fffff 64bit pref]
[    2.606279] pci 0000:00:16.2: PCI bridge to [bus 0d]
[    2.606297] pci 0000:00:16.2:   bridge window [io  0xd000-0xdfff]
[    2.606338] pci 0000:00:16.2:   bridge window [mem 0xfcb00000-0xfcbfffff]
[    2.606415] pci 0000:00:16.2:   bridge window [mem 0xe7100000-0xe71fffff 64bit pref]
[    2.606476] pci 0000:00:16.3: PCI bridge to [bus 0e]
[    2.606532] pci 0000:00:16.3:   bridge window [mem 0xfc700000-0xfc7fffff]
[    2.606561] pci 0000:00:16.3:   bridge window [mem 0xe6d00000-0xe6dfffff 64bit pref]
[    2.606622] pci 0000:00:16.4: PCI bridge to [bus 0f]
[    2.606682] pci 0000:00:16.4:   bridge window [mem 0xfc300000-0xfc3fffff]
[    2.606711] pci 0000:00:16.4:   bridge window [mem 0xe6900000-0xe69fffff 64bit pref]
[    2.606771] pci 0000:00:16.5: PCI bridge to [bus 10]
[    2.606813] pci 0000:00:16.5:   bridge window [mem 0xfbf00000-0xfbffffff]
[    2.606842] pci 0000:00:16.5:   bridge window [mem 0xe6500000-0xe65fffff 64bit pref]
[    2.606903] pci 0000:00:16.6: PCI bridge to [bus 11]
[    2.606947] pci 0000:00:16.6:   bridge window [mem 0xfbb00000-0xfbbfffff]
[    2.606976] pci 0000:00:16.6:   bridge window [mem 0xe6100000-0xe61fffff 64bit pref]
[    2.607037] pci 0000:00:16.7: PCI bridge to [bus 12]
[    2.607077] pci 0000:00:16.7:   bridge window [mem 0xfb700000-0xfb7fffff]
[    2.607107] pci 0000:00:16.7:   bridge window [mem 0xe5d00000-0xe5dfffff 64bit pref]
[    2.607169] pci 0000:00:17.0: PCI bridge to [bus 13]
[    2.607190] pci 0000:00:17.0:   bridge window [io  0x6000-0x6fff]
[    2.607248] pci 0000:00:17.0:   bridge window [mem 0xfd200000-0xfd2fffff]
[    2.607278] pci 0000:00:17.0:   bridge window [mem 0xe7800000-0xe78fffff 64bit pref]
[    2.607380] pci 0000:00:17.1: PCI bridge to [bus 14]
[    2.607400] pci 0000:00:17.1:   bridge window [io  0xa000-0xafff]
[    2.607442] pci 0000:00:17.1:   bridge window [mem 0xfce00000-0xfcefffff]
[    2.607472] pci 0000:00:17.1:   bridge window [mem 0xe7400000-0xe74fffff 64bit pref]
[    2.607541] pci 0000:00:17.2: PCI bridge to [bus 15]
[    2.607559] pci 0000:00:17.2:   bridge window [io  0xe000-0xefff]
[    2.607627] pci 0000:00:17.2:   bridge window [mem 0xfca00000-0xfcafffff]
[    2.607658] pci 0000:00:17.2:   bridge window [mem 0xe7000000-0xe70fffff 64bit pref]
[    2.607737] pci 0000:00:17.3: PCI bridge to [bus 16]
[    2.607780] pci 0000:00:17.3:   bridge window [mem 0xfc600000-0xfc6fffff]
[    2.607809] pci 0000:00:17.3:   bridge window [mem 0xe6c00000-0xe6cfffff 64bit pref]
[    2.607869] pci 0000:00:17.4: PCI bridge to [bus 17]
[    2.607910] pci 0000:00:17.4:   bridge window [mem 0xfc200000-0xfc2fffff]
[    2.607939] pci 0000:00:17.4:   bridge window [mem 0xe6800000-0xe68fffff 64bit pref]
[    2.608000] pci 0000:00:17.5: PCI bridge to [bus 18]
[    2.608041] pci 0000:00:17.5:   bridge window [mem 0xfbe00000-0xfbefffff]
[    2.608070] pci 0000:00:17.5:   bridge window [mem 0xe6400000-0xe64fffff 64bit pref]
[    2.608136] pci 0000:00:17.6: PCI bridge to [bus 19]
[    2.608192] pci 0000:00:17.6:   bridge window [mem 0xfba00000-0xfbafffff]
[    2.608221] pci 0000:00:17.6:   bridge window [mem 0xe6000000-0xe60fffff 64bit pref]
[    2.608281] pci 0000:00:17.7: PCI bridge to [bus 1a]
[    2.608322] pci 0000:00:17.7:   bridge window [mem 0xfb600000-0xfb6fffff]
[    2.608351] pci 0000:00:17.7:   bridge window [mem 0xe5c00000-0xe5cfffff 64bit pref]
[    2.608411] pci 0000:00:18.0: PCI bridge to [bus 1b]
[    2.608430] pci 0000:00:18.0:   bridge window [io  0x7000-0x7fff]
[    2.608470] pci 0000:00:18.0:   bridge window [mem 0xfd100000-0xfd1fffff]
[    2.608500] pci 0000:00:18.0:   bridge window [mem 0xe7700000-0xe77fffff 64bit pref]
[    2.608560] pci 0000:00:18.1: PCI bridge to [bus 1c]
[    2.608578] pci 0000:00:18.1:   bridge window [io  0xb000-0xbfff]
[    2.608619] pci 0000:00:18.1:   bridge window [mem 0xfcd00000-0xfcdfffff]
[    2.608648] pci 0000:00:18.1:   bridge window [mem 0xe7300000-0xe73fffff 64bit pref]
[    2.608712] pci 0000:00:18.2: PCI bridge to [bus 1d]
[    2.608753] pci 0000:00:18.2:   bridge window [mem 0xfc900000-0xfc9fffff]
[    2.608782] pci 0000:00:18.2:   bridge window [mem 0xe6f00000-0xe6ffffff 64bit pref]
[    2.608843] pci 0000:00:18.3: PCI bridge to [bus 1e]
[    2.608884] pci 0000:00:18.3:   bridge window [mem 0xfc500000-0xfc5fffff]
[    2.608917] pci 0000:00:18.3:   bridge window [mem 0xe6b00000-0xe6bfffff 64bit pref]
[    2.608977] pci 0000:00:18.4: PCI bridge to [bus 1f]
[    2.609018] pci 0000:00:18.4:   bridge window [mem 0xfc100000-0xfc1fffff]
[    2.609047] pci 0000:00:18.4:   bridge window [mem 0xe6700000-0xe67fffff 64bit pref]
[    2.609107] pci 0000:00:18.5: PCI bridge to [bus 20]
[    2.609171] pci 0000:00:18.5:   bridge window [mem 0xfbd00000-0xfbdfffff]
[    2.609200] pci 0000:00:18.5:   bridge window [mem 0xe6300000-0xe63fffff 64bit pref]
[    2.609260] pci 0000:00:18.6: PCI bridge to [bus 21]
[    2.609301] pci 0000:00:18.6:   bridge window [mem 0xfb900000-0xfb9fffff]
[    2.609330] pci 0000:00:18.6:   bridge window [mem 0xe5f00000-0xe5ffffff 64bit pref]
[    2.609391] pci 0000:00:18.7: PCI bridge to [bus 22]
[    2.609432] pci 0000:00:18.7:   bridge window [mem 0xfb500000-0xfb5fffff]
[    2.609461] pci 0000:00:18.7:   bridge window [mem 0xe5b00000-0xe5bfffff 64bit pref]
[    2.609522] pci_bus 0000:00: resource 4 [mem 0x000a0000-0x000bffff window]
[    2.609529] pci_bus 0000:00: resource 5 [mem 0x000d0000-0x000dbfff window]
[    2.609536] pci_bus 0000:00: resource 6 [mem 0xc0000000-0xfebfffff window]
[    2.609543] pci_bus 0000:00: resource 7 [io  0x0000-0x0cf7 window]
[    2.609549] pci_bus 0000:00: resource 8 [io  0x0d00-0xfeff window]
[    2.609557] pci_bus 0000:02: resource 0 [io  0x2000-0x3fff]
[    2.609564] pci_bus 0000:02: resource 1 [mem 0xfd500000-0xfdffffff]
[    2.609571] pci_bus 0000:02: resource 2 [mem 0xe7b00000-0xe7ffffff 64bit pref]
[    2.609577] pci_bus 0000:02: resource 4 [mem 0x000a0000-0x000bffff window]
[    2.609584] pci_bus 0000:02: resource 5 [mem 0x000d0000-0x000dbfff window]
[    2.609591] pci_bus 0000:02: resource 6 [mem 0xc0000000-0xfebfffff window]
[    2.609598] pci_bus 0000:02: resource 7 [io  0x0000-0x0cf7 window]
[    2.609604] pci_bus 0000:02: resource 8 [io  0x0d00-0xfeff window]
[    2.609612] pci_bus 0000:03: resource 0 [io  0x4000-0x4fff]
[    2.609618] pci_bus 0000:03: resource 1 [mem 0xfd400000-0xfd4fffff]
[    2.609625] pci_bus 0000:03: resource 2 [mem 0xe7a00000-0xe7afffff 64bit pref]
[    2.609632] pci_bus 0000:04: resource 0 [io  0x8000-0x8fff]
[    2.609638] pci_bus 0000:04: resource 1 [mem 0xfd000000-0xfd0fffff]
[    2.609645] pci_bus 0000:04: resource 2 [mem 0xe7600000-0xe76fffff 64bit pref]
[    2.609652] pci_bus 0000:05: resource 0 [io  0xc000-0xcfff]
[    2.609661] pci_bus 0000:05: resource 1 [mem 0xfcc00000-0xfccfffff]
[    2.609668] pci_bus 0000:05: resource 2 [mem 0xe7200000-0xe72fffff 64bit pref]
[    2.609675] pci_bus 0000:06: resource 1 [mem 0xfc800000-0xfc8fffff]
[    2.609682] pci_bus 0000:06: resource 2 [mem 0xe6e00000-0xe6efffff 64bit pref]
[    2.609689] pci_bus 0000:07: resource 1 [mem 0xfc400000-0xfc4fffff]
[    2.609695] pci_bus 0000:07: resource 2 [mem 0xe6a00000-0xe6afffff 64bit pref]
[    2.609702] pci_bus 0000:08: resource 1 [mem 0xfc000000-0xfc0fffff]
[    2.609709] pci_bus 0000:08: resource 2 [mem 0xe6600000-0xe66fffff 64bit pref]
[    2.609716] pci_bus 0000:09: resource 1 [mem 0xfbc00000-0xfbcfffff]
[    2.609722] pci_bus 0000:09: resource 2 [mem 0xe6200000-0xe62fffff 64bit pref]
[    2.609729] pci_bus 0000:0a: resource 1 [mem 0xfb800000-0xfb8fffff]
[    2.609736] pci_bus 0000:0a: resource 2 [mem 0xe5e00000-0xe5efffff 64bit pref]
[    2.609743] pci_bus 0000:0b: resource 0 [io  0x5000-0x5fff]
[    2.609749] pci_bus 0000:0b: resource 1 [mem 0xfd300000-0xfd3fffff]
[    2.609756] pci_bus 0000:0b: resource 2 [mem 0xe7900000-0xe79fffff 64bit pref]
[    2.609763] pci_bus 0000:0c: resource 0 [io  0x9000-0x9fff]
[    2.609769] pci_bus 0000:0c: resource 1 [mem 0xfcf00000-0xfcffffff]
[    2.609776] pci_bus 0000:0c: resource 2 [mem 0xe7500000-0xe75fffff 64bit pref]
[    2.609783] pci_bus 0000:0d: resource 0 [io  0xd000-0xdfff]
[    2.609790] pci_bus 0000:0d: resource 1 [mem 0xfcb00000-0xfcbfffff]
[    2.609796] pci_bus 0000:0d: resource 2 [mem 0xe7100000-0xe71fffff 64bit pref]
[    2.609803] pci_bus 0000:0e: resource 1 [mem 0xfc700000-0xfc7fffff]
[    2.609810] pci_bus 0000:0e: resource 2 [mem 0xe6d00000-0xe6dfffff 64bit pref]
[    2.609817] pci_bus 0000:0f: resource 1 [mem 0xfc300000-0xfc3fffff]
[    2.609823] pci_bus 0000:0f: resource 2 [mem 0xe6900000-0xe69fffff 64bit pref]
[    2.609830] pci_bus 0000:10: resource 1 [mem 0xfbf00000-0xfbffffff]
[    2.609837] pci_bus 0000:10: resource 2 [mem 0xe6500000-0xe65fffff 64bit pref]
[    2.609844] pci_bus 0000:11: resource 1 [mem 0xfbb00000-0xfbbfffff]
[    2.609851] pci_bus 0000:11: resource 2 [mem 0xe6100000-0xe61fffff 64bit pref]
[    2.609858] pci_bus 0000:12: resource 1 [mem 0xfb700000-0xfb7fffff]
[    2.609864] pci_bus 0000:12: resource 2 [mem 0xe5d00000-0xe5dfffff 64bit pref]
[    2.609871] pci_bus 0000:13: resource 0 [io  0x6000-0x6fff]
[    2.609878] pci_bus 0000:13: resource 1 [mem 0xfd200000-0xfd2fffff]
[    2.609884] pci_bus 0000:13: resource 2 [mem 0xe7800000-0xe78fffff 64bit pref]
[    2.609892] pci_bus 0000:14: resource 0 [io  0xa000-0xafff]
[    2.609898] pci_bus 0000:14: resource 1 [mem 0xfce00000-0xfcefffff]
[    2.609905] pci_bus 0000:14: resource 2 [mem 0xe7400000-0xe74fffff 64bit pref]
[    2.609916] pci_bus 0000:15: resource 0 [io  0xe000-0xefff]
[    2.609923] pci_bus 0000:15: resource 1 [mem 0xfca00000-0xfcafffff]
[    2.609929] pci_bus 0000:15: resource 2 [mem 0xe7000000-0xe70fffff 64bit pref]
[    2.609937] pci_bus 0000:16: resource 1 [mem 0xfc600000-0xfc6fffff]
[    2.609944] pci_bus 0000:16: resource 2 [mem 0xe6c00000-0xe6cfffff 64bit pref]
[    2.609950] pci_bus 0000:17: resource 1 [mem 0xfc200000-0xfc2fffff]
[    2.609957] pci_bus 0000:17: resource 2 [mem 0xe6800000-0xe68fffff 64bit pref]
[    2.609964] pci_bus 0000:18: resource 1 [mem 0xfbe00000-0xfbefffff]
[    2.609970] pci_bus 0000:18: resource 2 [mem 0xe6400000-0xe64fffff 64bit pref]
[    2.609977] pci_bus 0000:19: resource 1 [mem 0xfba00000-0xfbafffff]
[    2.609984] pci_bus 0000:19: resource 2 [mem 0xe6000000-0xe60fffff 64bit pref]
[    2.609991] pci_bus 0000:1a: resource 1 [mem 0xfb600000-0xfb6fffff]
[    2.609998] pci_bus 0000:1a: resource 2 [mem 0xe5c00000-0xe5cfffff 64bit pref]
[    2.610004] pci_bus 0000:1b: resource 0 [io  0x7000-0x7fff]
[    2.610011] pci_bus 0000:1b: resource 1 [mem 0xfd100000-0xfd1fffff]
[    2.610018] pci_bus 0000:1b: resource 2 [mem 0xe7700000-0xe77fffff 64bit pref]
[    2.610024] pci_bus 0000:1c: resource 0 [io  0xb000-0xbfff]
[    2.610031] pci_bus 0000:1c: resource 1 [mem 0xfcd00000-0xfcdfffff]
[    2.610038] pci_bus 0000:1c: resource 2 [mem 0xe7300000-0xe73fffff 64bit pref]
[    2.610045] pci_bus 0000:1d: resource 1 [mem 0xfc900000-0xfc9fffff]
[    2.610051] pci_bus 0000:1d: resource 2 [mem 0xe6f00000-0xe6ffffff 64bit pref]
[    2.610058] pci_bus 0000:1e: resource 1 [mem 0xfc500000-0xfc5fffff]
[    2.610065] pci_bus 0000:1e: resource 2 [mem 0xe6b00000-0xe6bfffff 64bit pref]
[    2.610072] pci_bus 0000:1f: resource 1 [mem 0xfc100000-0xfc1fffff]
[    2.610078] pci_bus 0000:1f: resource 2 [mem 0xe6700000-0xe67fffff 64bit pref]
[    2.610085] pci_bus 0000:20: resource 1 [mem 0xfbd00000-0xfbdfffff]
[    2.610092] pci_bus 0000:20: resource 2 [mem 0xe6300000-0xe63fffff 64bit pref]
[    2.610099] pci_bus 0000:21: resource 1 [mem 0xfb900000-0xfb9fffff]
[    2.610105] pci_bus 0000:21: resource 2 [mem 0xe5f00000-0xe5ffffff 64bit pref]
[    2.610112] pci_bus 0000:22: resource 1 [mem 0xfb500000-0xfb5fffff]
[    2.610119] pci_bus 0000:22: resource 2 [mem 0xe5b00000-0xe5bfffff 64bit pref]
[    2.610292] pci 0000:00:00.0: Limiting direct PCI/PCI transfers
[    2.614405] pci 0000:02:01.0: CLS mismatch (32 != 64), using 64 bytes
[    2.614405] PCI-DMA: Using software bounce buffering for IO (SWIOTLB)
[    2.614405] software IO TLB: mapped [mem 0x00000000bbed0000-0x00000000bfed0000] (64MB)
[    2.614405] clocksource: tsc: mask: 0xffffffffffffffff max_cycles: 0x2135f518237, max_idle_ns: 440795271980 ns
[    2.647171] clocksource: Switched to clocksource tsc
[    2.648310] Trying to unpack rootfs image as initramfs...
[    2.701902] Initialise system trusted keyrings
[    2.701943] Key type blacklist registered
[    2.702757] workingset: timestamp_bits=36 max_order=21 bucket_order=0
[    2.703460] zbud: loaded
[    2.706840] squashfs: version 4.0 (2009/01/31) Phillip Lougher
[    2.709394] fuse: init (API version 7.38)
[    2.745504] integrity: Platform Keyring initialized
[    2.745504] integrity: Machine keyring initialized
[    2.857087] Key type asymmetric registered
[    2.857106] Asymmetric key parser 'x509' registered
[    2.857295] Block layer SCSI generic (bsg) driver version 0.4 loaded (major 243)
[    2.857931] io scheduler mq-deadline registered
[    2.896505] pcieport 0000:00:15.0: PME: Signaling with IRQ 24
[    2.896637] pcieport 0000:00:15.0: pciehp: Slot #160 AttnBtn+ PwrCtrl+ MRL- AttnInd- PwrInd- HotPlug+ Surprise- Interlock- NoCompl+ IbPresDis- LLActRep+
[    2.902271] pcieport 0000:00:15.1: PME: Signaling with IRQ 25
[    2.902665] pcieport 0000:00:15.1: pciehp: Slot #161 AttnBtn+ PwrCtrl+ MRL- AttnInd- PwrInd- HotPlug+ Surprise- Interlock- NoCompl+ IbPresDis- LLActRep+
[    2.905141] pcieport 0000:00:15.2: PME: Signaling with IRQ 26
[    2.905329] pcieport 0000:00:15.2: pciehp: Slot #162 AttnBtn+ PwrCtrl+ MRL- AttnInd- PwrInd- HotPlug+ Surprise- Interlock- NoCompl+ IbPresDis- LLActRep+
[    2.908856] pcieport 0000:00:15.3: PME: Signaling with IRQ 27
[    2.908972] pcieport 0000:00:15.3: pciehp: Slot #163 AttnBtn+ PwrCtrl+ MRL- AttnInd- PwrInd- HotPlug+ Surprise- Interlock- NoCompl+ IbPresDis- LLActRep+
[    2.914410] pcieport 0000:00:15.4: PME: Signaling with IRQ 28
[    2.914410] pcieport 0000:00:15.4: pciehp: Slot #164 AttnBtn+ PwrCtrl+ MRL- AttnInd- PwrInd- HotPlug+ Surprise- Interlock- NoCompl+ IbPresDis- LLActRep+
[    2.947659] pcieport 0000:00:15.5: PME: Signaling with IRQ 29
[    2.947778] pcieport 0000:00:15.5: pciehp: Slot #165 AttnBtn+ PwrCtrl+ MRL- AttnInd- PwrInd- HotPlug+ Surprise- Interlock- NoCompl+ IbPresDis- LLActRep+
[    2.949732] pcieport 0000:00:15.6: PME: Signaling with IRQ 30
[    2.949833] pcieport 0000:00:15.6: pciehp: Slot #166 AttnBtn+ PwrCtrl+ MRL- AttnInd- PwrInd- HotPlug+ Surprise- Interlock- NoCompl+ IbPresDis- LLActRep+
[    2.952185] pcieport 0000:00:15.7: PME: Signaling with IRQ 31
[    2.952325] pcieport 0000:00:15.7: pciehp: Slot #167 AttnBtn+ PwrCtrl+ MRL- AttnInd- PwrInd- HotPlug+ Surprise- Interlock- NoCompl+ IbPresDis- LLActRep+
[    2.956049] pcieport 0000:00:16.0: PME: Signaling with IRQ 32
[    2.956210] pcieport 0000:00:16.0: pciehp: Slot #192 AttnBtn+ PwrCtrl+ MRL- AttnInd- PwrInd- HotPlug+ Surprise- Interlock- NoCompl+ IbPresDis- LLActRep+
[    2.958022] pcieport 0000:00:16.1: PME: Signaling with IRQ 33
[    2.958460] pcieport 0000:00:16.1: pciehp: Slot #193 AttnBtn+ PwrCtrl+ MRL- AttnInd- PwrInd- HotPlug+ Surprise- Interlock- NoCompl+ IbPresDis- LLActRep+
[    2.996965] pcieport 0000:00:16.2: PME: Signaling with IRQ 34
[    2.997364] pcieport 0000:00:16.2: pciehp: Slot #194 AttnBtn+ PwrCtrl+ MRL- AttnInd- PwrInd- HotPlug+ Surprise- Interlock- NoCompl+ IbPresDis- LLActRep+
[    2.999957] pcieport 0000:00:16.3: PME: Signaling with IRQ 35
[    3.000052] pcieport 0000:00:16.3: pciehp: Slot #195 AttnBtn+ PwrCtrl+ MRL- AttnInd- PwrInd- HotPlug+ Surprise- Interlock- NoCompl+ IbPresDis- LLActRep+
[    3.002763] pcieport 0000:00:16.4: PME: Signaling with IRQ 36
[    3.002874] pcieport 0000:00:16.4: pciehp: Slot #196 AttnBtn+ PwrCtrl+ MRL- AttnInd- PwrInd- HotPlug+ Surprise- Interlock- NoCompl+ IbPresDis- LLActRep+
[    3.005720] pcieport 0000:00:16.5: PME: Signaling with IRQ 37
[    3.005846] pcieport 0000:00:16.5: pciehp: Slot #197 AttnBtn+ PwrCtrl+ MRL- AttnInd- PwrInd- HotPlug+ Surprise- Interlock- NoCompl+ IbPresDis- LLActRep+
[    3.009189] pcieport 0000:00:16.6: PME: Signaling with IRQ 38
[    3.009321] pcieport 0000:00:16.6: pciehp: Slot #198 AttnBtn+ PwrCtrl+ MRL- AttnInd- PwrInd- HotPlug+ Surprise- Interlock- NoCompl+ IbPresDis- LLActRep+
[    3.014393] pcieport 0000:00:16.7: PME: Signaling with IRQ 39
[    3.014393] pcieport 0000:00:16.7: pciehp: Slot #199 AttnBtn+ PwrCtrl+ MRL- AttnInd- PwrInd- HotPlug+ Surprise- Interlock- NoCompl+ IbPresDis- LLActRep+
[    3.047218] pcieport 0000:00:17.0: PME: Signaling with IRQ 40
[    3.047407] pcieport 0000:00:17.0: pciehp: Slot #224 AttnBtn+ PwrCtrl+ MRL- AttnInd- PwrInd- HotPlug+ Surprise- Interlock- NoCompl+ IbPresDis- LLActRep+
[    3.049741] pcieport 0000:00:17.1: PME: Signaling with IRQ 41
[    3.049874] pcieport 0000:00:17.1: pciehp: Slot #225 AttnBtn+ PwrCtrl+ MRL- AttnInd- PwrInd- HotPlug+ Surprise- Interlock- NoCompl+ IbPresDis- LLActRep+
[    3.051713] pcieport 0000:00:17.2: PME: Signaling with IRQ 42
[    3.051811] pcieport 0000:00:17.2: pciehp: Slot #226 AttnBtn+ PwrCtrl+ MRL- AttnInd- PwrInd- HotPlug+ Surprise- Interlock- NoCompl+ IbPresDis- LLActRep+
[    3.053398] pcieport 0000:00:17.3: PME: Signaling with IRQ 43
[    3.053516] pcieport 0000:00:17.3: pciehp: Slot #227 AttnBtn+ PwrCtrl+ MRL- AttnInd- PwrInd- HotPlug+ Surprise- Interlock- NoCompl+ IbPresDis- LLActRep+
[    3.056437] pcieport 0000:00:17.4: PME: Signaling with IRQ 44
[    3.056756] pcieport 0000:00:17.4: pciehp: Slot #228 AttnBtn+ PwrCtrl+ MRL- AttnInd- PwrInd- HotPlug+ Surprise- Interlock- NoCompl+ IbPresDis- LLActRep+
[    3.059288] pcieport 0000:00:17.5: PME: Signaling with IRQ 45
[    3.059432] pcieport 0000:00:17.5: pciehp: Slot #229 AttnBtn+ PwrCtrl+ MRL- AttnInd- PwrInd- HotPlug+ Surprise- Interlock- NoCompl+ IbPresDis- LLActRep+
[    3.095991] pcieport 0000:00:17.6: PME: Signaling with IRQ 46
[    3.096111] pcieport 0000:00:17.6: pciehp: Slot #230 AttnBtn+ PwrCtrl+ MRL- AttnInd- PwrInd- HotPlug+ Surprise- Interlock- NoCompl+ IbPresDis- LLActRep+
[    3.099759] pcieport 0000:00:17.7: PME: Signaling with IRQ 47
[    3.099981] pcieport 0000:00:17.7: pciehp: Slot #231 AttnBtn+ PwrCtrl+ MRL- AttnInd- PwrInd- HotPlug+ Surprise- Interlock- NoCompl+ IbPresDis- LLActRep+
[    3.105480] pcieport 0000:00:18.0: PME: Signaling with IRQ 48
[    3.106078] pcieport 0000:00:18.0: pciehp: Slot #256 AttnBtn+ PwrCtrl+ MRL- AttnInd- PwrInd- HotPlug+ Surprise- Interlock- NoCompl+ IbPresDis- LLActRep+
[    3.114545] pcieport 0000:00:18.1: PME: Signaling with IRQ 49
[    3.114545] pcieport 0000:00:18.1: pciehp: Slot #257 AttnBtn+ PwrCtrl+ MRL- AttnInd- PwrInd- HotPlug+ Surprise- Interlock- NoCompl+ IbPresDis- LLActRep+
[    3.147274] pcieport 0000:00:18.2: PME: Signaling with IRQ 50
[    3.147412] pcieport 0000:00:18.2: pciehp: Slot #258 AttnBtn+ PwrCtrl+ MRL- AttnInd- PwrInd- HotPlug+ Surprise- Interlock- NoCompl+ IbPresDis- LLActRep+
[    3.149016] pcieport 0000:00:18.3: PME: Signaling with IRQ 51
[    3.149138] pcieport 0000:00:18.3: pciehp: Slot #259 AttnBtn+ PwrCtrl+ MRL- AttnInd- PwrInd- HotPlug+ Surprise- Interlock- NoCompl+ IbPresDis- LLActRep+
[    3.154782] pcieport 0000:00:18.4: PME: Signaling with IRQ 52
[    3.156212] pcieport 0000:00:18.4: pciehp: Slot #260 AttnBtn+ PwrCtrl+ MRL- AttnInd- PwrInd- HotPlug+ Surprise- Interlock- NoCompl+ IbPresDis- LLActRep+
[    3.160093] pcieport 0000:00:18.5: PME: Signaling with IRQ 53
[    3.160213] pcieport 0000:00:18.5: pciehp: Slot #261 AttnBtn+ PwrCtrl+ MRL- AttnInd- PwrInd- HotPlug+ Surprise- Interlock- NoCompl+ IbPresDis- LLActRep+
[    3.196951] pcieport 0000:00:18.6: PME: Signaling with IRQ 54
[    3.197048] pcieport 0000:00:18.6: pciehp: Slot #262 AttnBtn+ PwrCtrl+ MRL- AttnInd- PwrInd- HotPlug+ Surprise- Interlock- NoCompl+ IbPresDis- LLActRep+
[    3.200360] pcieport 0000:00:18.7: PME: Signaling with IRQ 55
[    3.200533] pcieport 0000:00:18.7: pciehp: Slot #263 AttnBtn+ PwrCtrl+ MRL- AttnInd- PwrInd- HotPlug+ Surprise- Interlock- NoCompl+ IbPresDis- LLActRep+
[    3.203921] shpchp: Standard Hot Plug PCI Controller Driver version: 0.4
[    3.205245] ACPI: AC: AC Adapter [ACAD] (on-line)
[    3.205653] input: Power Button as /devices/LNXSYSTM:00/LNXPWRBN:00/input/input0
[    3.205765] ACPI: button: Power Button [PWRF]
[    3.210120] Serial: 8250/16550 driver, 32 ports, IRQ sharing enabled
[    3.259887] Linux agpgart interface v0.103
[    3.259976] agpgart-intel 0000:00:00.0: Intel 440BX Chipset
[    3.310251] agpgart-intel 0000:00:00.0: AGP aperture is 256M @ 0x0
[    3.550172] loop: module loaded
[    3.551667] ata_piix 0000:00:07.1: version 2.13
[    3.554558] scsi host0: ata_piix
[    3.555655] scsi host1: ata_piix
[    3.555781] ata1: PATA max UDMA/33 cmd 0x1f0 ctl 0x3f6 bmdma 0x1060 irq 14
[    3.555790] ata2: PATA max UDMA/33 cmd 0x170 ctl 0x376 bmdma 0x1068 irq 15
[    3.556581] tun: Universal TUN/TAP device driver, 1.6
[    3.556904] PPP generic driver version 2.4.2
[    3.559565] uhci_hcd 0000:02:00.0: UHCI Host Controller
[    3.559590] uhci_hcd 0000:02:00.0: new USB bus registered, assigned bus number 1
[    3.559645] uhci_hcd 0000:02:00.0: detected 2 ports
[    3.559927] uhci_hcd 0000:02:00.0: irq 18, io port 0x00002080
[    3.560315] usb usb1: New USB device found, idVendor=1d6b, idProduct=0001, bcdDevice= 6.02
[    3.560324] usb usb1: New USB device strings: Mfr=3, Product=2, SerialNumber=1
[    3.560331] usb usb1: Product: UHCI Host Controller
[    3.560338] usb usb1: Manufacturer: Linux 6.2.0-33-generic uhci_hcd
[    3.560346] usb usb1: SerialNumber: 0000:02:00.0
[    3.564664] hub 1-0:1.0: USB hub found
[    3.564664] hub 1-0:1.0: 2 ports detected
[    3.595440] ehci-pci 0000:02:03.0: EHCI Host Controller
[    3.595453] ehci-pci 0000:02:03.0: new USB bus registered, assigned bus number 2
[    3.564664] i8042: PNP: PS/2 Controller [PNP0303:KBC,PNP0f13:MOUS] at 0x60,0x64 irq 1,12
[    3.595890] ehci-pci 0000:02:03.0: irq 17, io mem 0xfd5ef000
[    3.597291] serio: i8042 KBD port at 0x60,0x64 irq 1
[    3.597320] serio: i8042 AUX port at 0x60,0x64 irq 12
[    3.598066] mousedev: PS/2 mouse device common for all mice
[    3.599967] rtc_cmos 00:01: registered as rtc0
[    3.600134] rtc_cmos 00:01: setting system clock to 2023-10-04T22:47:37 UTC (1696459657)
[    3.600319] rtc_cmos 00:01: alarms up to one month, y3k, 114 bytes nvram
[    3.600352] i2c_dev: i2c /dev entries driver
[    3.600471] device-mapper: core: CONFIG_IMA_DISABLE_HTABLE is disabled. Duplicate IMA measurements will not be recorded in the IMA log.
[    3.600499] device-mapper: uevent: version 1.0.3
[    3.600864] device-mapper: ioctl: 4.47.0-ioctl (2022-07-28) initialised: dm-devel@redhat.com
[    3.600967] platform eisa.0: Probing EISA bus 0
[    3.600988] platform eisa.0: EISA: Cannot allocate resource for mainboard
[    3.600996] platform eisa.0: Cannot allocate resource for EISA slot 1
[    3.601007] platform eisa.0: Cannot allocate resource for EISA slot 2
[    3.601015] platform eisa.0: Cannot allocate resource for EISA slot 3
[    3.601029] platform eisa.0: Cannot allocate resource for EISA slot 4
[    3.601038] platform eisa.0: Cannot allocate resource for EISA slot 5
[    3.601046] platform eisa.0: Cannot allocate resource for EISA slot 6
[    3.601053] platform eisa.0: Cannot allocate resource for EISA slot 7
[    3.601060] platform eisa.0: Cannot allocate resource for EISA slot 8
[    3.601067] platform eisa.0: EISA: Detected 0 cards
[    3.601088] intel_pstate: CPU model not supported
[    3.601740] ledtrig-cpu: registered to indicate activity on CPUs
[    3.601928] input: AT Translated Set 2 keyboard as /devices/platform/i8042/serio0/input/input1
[    3.602761] drop_monitor: Initializing network drop monitor service
[    3.610621] ehci-pci 0000:02:03.0: USB 2.0 started, EHCI 1.00
[    3.614536] usb usb2: New USB device found, idVendor=1d6b, idProduct=0002, bcdDevice= 6.02
[    3.614536] usb usb2: New USB device strings: Mfr=3, Product=2, SerialNumber=1
[    3.614536] usb usb2: Product: EHCI Host Controller
[    3.614536] usb usb2: Manufacturer: Linux 6.2.0-33-generic ehci_hcd
[    3.614536] usb usb2: SerialNumber: 0000:02:03.0
[    3.614536] hub 2-0:1.0: USB hub found
[    3.614536] hub 2-0:1.0: 6 ports detected
[    3.754334] NET: Registered PF_INET6 protocol family
[    4.094654] usb 1-1: new full-speed USB device number 2 using uhci_hcd
[    4.554490] usb 1-1: New USB device found, idVendor=0e0f, idProduct=0003, bcdDevice= 1.03
[    4.554500] usb 1-1: New USB device strings: Mfr=1, Product=2, SerialNumber=0
[    4.554508] usb 1-1: Product: VMware Virtual USB Mouse
[    4.554515] usb 1-1: Manufacturer: VMware
[    4.798698] usb 1-2: new full-speed USB device number 3 using uhci_hcd
[    5.255089] usb 1-2: New USB device found, idVendor=0e0f, idProduct=0002, bcdDevice= 1.00
[    5.255099] usb 1-2: New USB device strings: Mfr=1, Product=2, SerialNumber=0
[    5.255106] usb 1-2: Product: VMware Virtual USB Hub
[    5.255113] usb 1-2: Manufacturer: VMware, Inc.
[    5.295215] hub 1-2:1.0: USB hub found
[    5.297318] hub 1-2:1.0: 7 ports detected
[    5.643797] Freeing initrd memory: 67960K
[    6.145697] usb 1-2.1: new full-speed USB device number 4 using uhci_hcd
[    6.252726] Segment Routing with IPv6
[    6.252746] In-situ OAM (IOAM) with IPv6
[    6.252794] NET: Registered PF_PACKET protocol family
[    6.253213] Key type dns_resolver registered
[    6.255075] IPI shorthand broadcast: enabled
[    6.257181] sched_clock: Marking stable (5684583328, 570366963)->(8441773306, -2186823015)
[    6.258491] registered taskstats version 1
[    6.301813] Loading compiled-in X.509 certificates
[    6.302618] Loaded X.509 cert 'Build time autogenerated kernel key: 505f0cb41da65a7ebed3e8e9ed5364fb4a8fc5c3'
[    6.302907] Loaded X.509 cert 'Canonical Ltd. Live Patch Signing: 14df34d1a87cf37625abec039ef2bf521249b969'
[    6.303190] Loaded X.509 cert 'Canonical Ltd. Kernel Module Signing: 88f752e560a1e0737e31163a466ad7b70a850c19'
[    6.303202] blacklist: Loading compiled-in revocation X.509 certificates
[    6.303252] Loaded X.509 cert 'Canonical Ltd. Secure Boot Signing: 61482aa2830d0ab2ad5af10b7250da9033ddcef0'
[    6.303715] Loaded X.509 cert 'Canonical Ltd. Secure Boot Signing (2017): 242ade75ac4a15e50d50c84b0d45ff3eae707a03'
[    6.303732] Loaded X.509 cert 'Canonical Ltd. Secure Boot Signing (ESM 2018): 365188c1d374d6b07c3c8f240f8ef722433d6a8b'
[    6.303747] Loaded X.509 cert 'Canonical Ltd. Secure Boot Signing (2019): c0746fd6c5da3ae827864651ad66ae47fe24b3e8'
[    6.303789] Loaded X.509 cert 'Canonical Ltd. Secure Boot Signing (2021 v1): a8d54bbb3825cfb94fa13c9f8a594a195c107b8d'
[    6.303803] Loaded X.509 cert 'Canonical Ltd. Secure Boot Signing (2021 v2): 4cf046892d6fd3c9a5b03f98d845f90851dc6a8c'
[    6.303818] Loaded X.509 cert 'Canonical Ltd. Secure Boot Signing (2021 v3): 100437bb6de6e469b581e61cd66bce3ef4ed53af'
[    6.303848] Loaded X.509 cert 'Canonical Ltd. Secure Boot Signing (Ubuntu Core 2019): c1d57b8f6b743f23ee41f4f7ee292f06eecadfb9'
[    6.348037] usb 1-2.1: New USB device found, idVendor=0e0f, idProduct=0008, bcdDevice= 1.00
[    6.348045] usb 1-2.1: New USB device strings: Mfr=1, Product=2, SerialNumber=3
[    6.348052] usb 1-2.1: Product: Virtual Bluetooth Adapter
[    6.348059] usb 1-2.1: Manufacturer: VMware
[    6.348066] usb 1-2.1: SerialNumber: 000650268328
[    6.596623] zswap: loaded using pool lzo/zbud
[    6.601699] Key type .fscrypt registered
[    6.601708] Key type fscrypt-provisioning registered
[    6.653999] Key type encrypted registered
[    6.654018] AppArmor: AppArmor sha1 policy hashing enabled
[    6.654048] ima: No TPM chip found, activating TPM-bypass!
[    6.654058] Loading compiled-in module X.509 certificates
[    6.654468] Loaded X.509 cert 'Build time autogenerated kernel key: 505f0cb41da65a7ebed3e8e9ed5364fb4a8fc5c3'
[    6.654476] ima: Allocated hash algorithm: sha1
[    6.654492] ima: No architecture policies found
[    6.654512] evm: Initialising EVM extended attributes:
[    6.654518] evm: security.selinux
[    6.654525] evm: security.SMACK64
[    6.654531] evm: security.SMACK64EXEC
[    6.654537] evm: security.SMACK64TRANSMUTE
[    6.654543] evm: security.SMACK64MMAP
[    6.654550] evm: security.apparmor
[    6.654556] evm: security.ima
[    6.654562] evm: security.capability
[    6.654568] evm: HMAC attrs: 0x1
[    6.655801] PM:   Magic number: 11:894:804
[    6.655956] acpi PNP0C80:39: hash matches
[    6.655969] acpi PNP0C80:0c: hash matches
[    6.657395] RAS: Correctable Errors collector initialized.
[    6.703689] Freeing unused decrypted memory: 2036K
[    6.704257] Freeing unused kernel image (initmem) memory: 4764K
[    6.750749] Write protecting the kernel read-only data: 34816k
[    6.751277] Freeing unused kernel image (rodata/data gap) memory: 1624K
[    6.794322] x86/mm: Checked W+X mappings: passed, no W+X pages found.
[    6.794329] x86/mm: Checking user space page tables
[    6.803391] x86/mm: Checked W+X mappings: passed, no W+X pages found.
[    6.803411] Run /init as init process
[    6.803421]   with arguments:
[    6.803431]     /init
[    6.803440]     splash
[    6.803449]   with environment:
[    6.803461]     HOME=/
[    6.803470]     TERM=linux
[    6.803480]     BOOT_IMAGE=/boot/vmlinuz-6.2.0-33-generic
[    9.343839] piix4_smbus 0000:00:07.3: SMBus Host Controller not enabled!
[    9.894889] e1000: Intel(R) PRO/1000 Network Driver
[    9.894898] e1000: Copyright (c) 1999-2006 Intel Corporation.
[   10.060047] Fusion MPT base driver 3.04.20
[   10.060057] Copyright (c) 1999-2008 LSI Corporation
[   10.255261] Fusion MPT SPI Host driver 3.04.20
[   10.294608] mptbase: ioc0: Initiating bringup
[   10.406838] hid: raw HID events driver (C) Jiri Kosina
[   10.496845] ioc0: LSI53C1030 B0: Capabilities={Initiator}
[   10.554999] input: VirtualPS/2 VMware VMMouse as /devices/platform/i8042/serio1/input/input4
[   10.596321] ahci 0000:02:04.0: version 3.0
[   10.601033] ahci 0000:02:04.0: AHCI 0001.0300 32 slots 30 ports 6 Gbps 0x3fffffff impl SATA mode
[   10.601042] ahci 0000:02:04.0: flags: 64bit ncq clo only 
[   10.648026] input: VirtualPS/2 VMware VMMouse as /devices/platform/i8042/serio1/input/input3
[   10.702801] usbcore: registered new interface driver usbhid
[   10.702810] usbhid: USB HID core driver
[   10.960022] scsi host2: ahci
[   10.996352] scsi host3: ahci
[   10.999103] scsi host4: ahci
[   11.000210] scsi host5: ahci
[   11.004110] scsi host6: ahci
[   11.004635] scsi host7: ahci
[   11.005660] scsi host8: ahci
[   11.047426] scsi host9: ahci
[   11.058515] scsi host10: ahci
[   11.094834] scsi host11: ahci
[   11.096034] scsi host13: ahci
[   11.097306] scsi host12: ioc0: LSI53C1030 B0, FwRev=01032920h, Ports=1, MaxQ=128, IRQ=17
[   11.098346] scsi host14: ahci
[   11.098987] scsi host15: ahci
[   11.146716] scsi host16: ahci
[   11.201560] scsi host17: ahci
[   11.202268] scsi host18: ahci
[   11.204902] e1000 0000:02:01.0 eth0: (PCI:66MHz:32-bit) 00:0c:29:54:d0:e8
